******************************************************************************
                  TI ARM Linker PC v20.2.4                     
******************************************************************************
>> Linked Wed Feb 26 18:40:35 2025

OUTPUT FILE NAME:   <UartBootloader.out>
ENTRY POINT SYMBOL: "_c_int00_noargs"  address: 00002e2d


MEMORY CONFIGURATION

         name            origin    length      used     unused   attr    fill
----------------------  --------  ---------  --------  --------  ----  --------
  FLASH                 00000000   00100000  0000337c  000fcc84  R  X
  SRAM                  20000000   00040000  00000d91  0003f26f  RW X


SEGMENT ALLOCATION MAP

run origin  load origin   length   init length attrs members
----------  ----------- ---------- ----------- ----- -------
00000000    00000000    00003380   00003380    r-x
  00000000    00000000    00000208   00000208    r-- .intvecs
  00000208    00000208    00002d78   00002d78    r-x .text
  00002f80    00002f80    000003bc   000003bc    r-- .const
  00003340    00003340    00000040   00000040    r-- .cinit
20000000    20000000    00000384   00000000    rw-
  20000000    20000000    0000026c   00000000    rw- .vtable
  2000026c    2000026c    00000118   00000000    rw- .data
20000400    20000400    00000a10   00000000    rw-
  20000400    20000400    0000080d   00000000    rw- .bss
  20000c10    20000c10    00000200   00000000    rw- .stack


SECTION ALLOCATION MAP

 output                                  attributes/
section   page    origin      length       input sections
--------  ----  ----------  ----------   ----------------
.intvecs   0    00000000    00000208     
                  00000000    00000208     tm4c1294ncpdt_startup_ccs.obj (.intvecs)

.text      0    00000208    00002d78     
                  00000208    00000f80     sysctl.obj (.text)
                  00001188    0000062e     uart.obj (.text)
                  000017b6    00000002     driverlib.lib : interrupt.obj (.text:_IntDefaultHandler)
                  000017b8    000004a8     uartstdio.obj (.text)
                  00001c60    00000474     main.obj (.text)
                  000020d4    000002f4     rtsv7M4_T_le_v4SPD16_eabi.lib : e_log10.c.obj (.text:log10)
                  000023c8    000001b6                                   : fd_add_t2.asm.obj (.text)
                  0000257e    00000002                                   : div0.asm.obj (.text)
                  00002580    0000016c     driverlib.lib : gpio.obj (.text:GPIOPadConfigSet)
                  000026ec    00000136     rtsv7M4_T_le_v4SPD16_eabi.lib : fd_div_t2.asm.obj (.text)
                  00002822    000000fc                                   : fd_mul_t2.asm.obj (.text)
                  0000291e    000000d0     crc.obj (.text)
                  000029ee    0000009c     rtsv7M4_T_le_v4SPD16_eabi.lib : memcpy_t2.asm.obj (.text)
                  00002a8a    0000007a                                   : memset_t2.asm.obj (.text)
                  00002b04    00000068     driverlib.lib : interrupt.obj (.text:IntDisable)
                  00002b6c    00000068                   : interrupt.obj (.text:IntEnable)
                  00002bd4    00000068     rtsv7M4_T_le_v4SPD16_eabi.lib : copy_decompress_lzss.c.obj (.text:decompress:lzss:__TI_decompress_lzss)
                  00002c3c    0000004c     driverlib.lib : gpio.obj (.text:GPIOPinConfigure)
                  00002c88    00000044     rtsv7M4_T_le_v4SPD16_eabi.lib : autoinit.c.obj (.text:__TI_auto_init_nobinit_nopinit:__TI_auto_init_nobinit_nopinit)
                  00002ccc    00000044                                   : fd_tou_t2.asm.obj (.text)
                  00002d10    00000040                                   : u_divt2.asm.obj (.text)
                  00002d50    00000038     main.obj (.text:buffA_process)
                  00002d88    00000038     main.obj (.text:buffB_process)
                  00002dc0    00000036     rtsv7M4_T_le_v4SPD16_eabi.lib : strncpy.c.obj (.text:strncpy)
                  00002df6    00000002     --HOLE-- [fill = 0]
                  00002df8    00000034     driverlib.lib : interrupt.obj (.text:IntRegister)
                  00002e2c    00000034     rtsv7M4_T_le_v4SPD16_eabi.lib : boot_cortex_m.c.obj (.text:_c_int00_noargs:_c_int00_noargs)
                  00002e60    0000002e                                   : i_tofd_t2.asm.obj (.text)
                  00002e8e    0000002c     driverlib.lib : gpio.obj (.text:GPIODirModeSet)
                  00002eba    00000020     rtsv7M4_T_le_v4SPD16_eabi.lib : u_tofd_t2.asm.obj (.text)
                  00002eda    00000016     driverlib.lib : gpio.obj (.text:GPIOPinTypeGPIOInput)
                  00002ef0    00000016                   : gpio.obj (.text:GPIOPinTypeUART)
                  00002f06    00000002     --HOLE-- [fill = 0]
                  00002f08    00000014                   : interrupt.obj (.text:IntUnregister)
                  00002f1c    00000010                   : interrupt.obj (.text:IntMasterEnable)
                  00002f2c    0000000e     rtsv7M4_T_le_v4SPD16_eabi.lib : copy_decompress_none.c.obj (.text:decompress:none:__TI_decompress_none)
                  00002f3a    0000000c     driverlib.lib : cpu.obj (.text:CPUcpsie)
                  00002f46    0000000c     rtsv7M4_T_le_v4SPD16_eabi.lib : copy_zero_init.c.obj (.text:decompress:ZI:__TI_zero_init)
                  00002f52    0000000c     tm4c1294ncpdt_startup_ccs.obj (.text)
                  00002f5e    00000002     --HOLE-- [fill = 0]
                  00002f60    00000008     rtsv7M4_T_le_v4SPD16_eabi.lib : errno.c.obj (.text:__aeabi_errno_addr)
                  00002f68    00000006     driverlib.lib : gpio.obj (.text:GPIOPinRead)
                  00002f6e    00000006     sysctl.obj (.text:SysCtlDelay)
                  00002f74    00000004     driverlib.lib : cpu.obj (.text:CPUwfi)
                  00002f78    00000004     rtsv7M4_T_le_v4SPD16_eabi.lib : pre_init.c.obj (.text:_system_pre_init)
                  00002f7c    00000004                                   : exit.c.obj (.text:abort:abort)

.const     0    00002f80    000003bc     
                  00002f80    000001b0     sysctl.obj (.const:g_pppui32XTALtoVCO)
                  00003130    00000090     driverlib.lib : gpio.obj (.const:g_pui32GPIOBaseAddrs)
                  000031c0    0000006c     sysctl.obj (.const:g_pui32Xtals)
                  0000322c    00000040     uart.obj (.const:g_ppui32UARTIntMap)
                  0000326c    00000040     uart.obj (.const:g_ppui32UARTIntMapSnowflake)
                  000032ac    00000030     sysctl.obj (.const:g_sXTALtoMEMTIM)
                  000032dc    00000014     driverlib.lib : interrupt.obj (.const:g_pui32Dii16Regs)
                  000032f0    00000014                   : interrupt.obj (.const:g_pui32EnRegs)
                  00003304    00000012     uartstdio.obj (.const:.string)
                  00003316    00000002     --HOLE-- [fill = 0]
                  00003318    0000000c     uartstdio.obj (.const:g_ui32UARTBase)
                  00003324    0000000c     uartstdio.obj (.const:g_ui32UARTPeriph)
                  00003330    00000008     sysctl.obj (.const:g_pui32VCOFrequencies)
                  00003338    00000004     uartstdio.obj (.const)

.cinit     0    00003340    00000040     
                  00003340    0000000c     (__TI_handler_table)
                  0000334c    00000009     (.cinit..data.load) [load image, compression = lzss]
                  00003355    00000003     --HOLE-- [fill = 0]
                  00003358    00000008     (.cinit..bss.load) [load image, compression = zero_init]
                  00003360    00000008     (.cinit..vtable.load) [load image, compression = zero_init]
                  00003368    00000018     (__TI_cinit_table)

.init_array 
*          0    00000000    00000000     UNINITIALIZED

.vtable    0    20000000    0000026c     UNINITIALIZED
                  20000000    0000026c     driverlib.lib : interrupt.obj (.vtable)

.data      0    2000026c    00000118     UNINITIALIZED
                  2000026c    00000080     main.obj (.data:bufferA)
                  200002ec    00000080     main.obj (.data:bufferB)
                  2000036c    00000009     main.obj (.data)
                  20000375    00000003     --HOLE--
                  20000378    00000005     uartstdio.obj (.data)
                  2000037d    00000003     --HOLE--
                  20000380    00000004     rtsv7M4_T_le_v4SPD16_eabi.lib : errno.c.obj (.data)

.bss       0    20000400    0000080d     UNINITIALIZED
                  20000400    00000400     (.common:ControlTable)
                  20000800    00000400     (.common:file)
                  20000c00    00000004     (.common:g_ui32SysClock)
                  20000c04    00000004     (.common:rxbuffA)
                  20000c08    00000004     (.common:rxbuffB)
                  20000c0c    00000001     (.common:count)

.stack     0    20000c10    00000200     UNINITIALIZED
                  20000c10    00000004     rtsv7M4_T_le_v4SPD16_eabi.lib : boot_cortex_m.c.obj (.stack)
                  20000c14    000001fc     --HOLE--

__llvm_prf_cnts 
*          0    20000000    00000000     UNINITIALIZED

MODULE SUMMARY

       Module                          code    ro data   rw data
       ------                          ----    -------   -------
    .\
       sysctl.obj                      3974    596       0      
       main.obj                        1252    0         2326   
       uart.obj                        1582    128       0      
       uartstdio.obj                   1192    46        5      
       tm4c1294ncpdt_startup_ccs.obj   12      520       0      
       crc.obj                         208     0         0      
    +--+-------------------------------+-------+---------+---------+
       Total:                          8220    1290      2331   
                                                                
    C:/ti/TivaWare_C_Series-2.2.0.295/driverlib/ccs/Debug/driverlib.lib
       interrupt.obj                   298     40        620    
       gpio.obj                        534     144       0      
       cpu.obj                         16      0         0      
    +--+-------------------------------+-------+---------+---------+
       Total:                          848     184       620    
                                                                
    C:\ti\ccs1031\ccs\tools\compiler\ti-cgt-arm_20.2.4.LTS\lib\rtsv7M4_T_le_v4SPD16_eabi.lib
       e_log10.c.obj                   756     0         0      
       fd_add_t2.asm.obj               438     0         0      
       fd_div_t2.asm.obj               310     0         0      
       fd_mul_t2.asm.obj               252     0         0      
       memcpy_t2.asm.obj               156     0         0      
       memset_t2.asm.obj               122     0         0      
       copy_decompress_lzss.c.obj      104     0         0      
       autoinit.c.obj                  68      0         0      
       fd_tou_t2.asm.obj               68      0         0      
       u_divt2.asm.obj                 64      0         0      
       strncpy.c.obj                   54      0         0      
       boot_cortex_m.c.obj             52      0         0      
       i_tofd_t2.asm.obj               46      0         0      
       u_tofd_t2.asm.obj               32      0         0      
       copy_decompress_none.c.obj      14      0         0      
       copy_zero_init.c.obj            12      0         0      
       errno.c.obj                     8       0         4      
       exit.c.obj                      4       0         0      
       pre_init.c.obj                  4       0         0      
       div0.asm.obj                    2       0         0      
    +--+-------------------------------+-------+---------+---------+
       Total:                          2566    0         4      
                                                                
       Stack:                          0       0         512    
       Linker Generated:               0       61        0      
    +--+-------------------------------+-------+---------+---------+
       Grand Total:                    11634   1535      3467   


LINKER GENERATED COPY TABLES

__TI_cinit_table @ 00003368 records: 3, size/record: 8, table size: 24
	.data: load addr=0000334c, load size=00000009 bytes, run addr=2000026c, run size=00000118 bytes, compression=lzss
	.bss: load addr=00003358, load size=00000008 bytes, run addr=20000400, run size=0000080d bytes, compression=zero_init
	.vtable: load addr=00003360, load size=00000008 bytes, run addr=20000000, run size=0000026c bytes, compression=zero_init


LINKER GENERATED HANDLER TABLE

__TI_handler_table @ 00003340 records: 3, size/record: 4, table size: 12
	index: 0, handler: __TI_zero_init
	index: 1, handler: __TI_decompress_lzss
	index: 2, handler: __TI_decompress_none


GLOBAL SYMBOLS: SORTED ALPHABETICALLY BY Name 

address   name                            
-------   ----                            
00002f7d  C$$EXIT                         
00002f3b  CPUcpsie                        
00002f75  CPUwfi                          
0000291f  CRCConfigSet                    
0000297d  CRCDataProcess                  
00002947  CRCDataWrite                    
0000295b  CRCResultRead                   
00002933  CRCSeedSet                      
00001ce9  CRC_init                        
20000400  ControlTable                    
00002e8f  GPIODirModeSet                  
00002581  GPIOPadConfigSet                
00002c3d  GPIOPinConfigure                
00002f69  GPIOPinRead                     
00002edb  GPIOPinTypeGPIOInput            
00002ef1  GPIOPinTypeUART                 
00002b05  IntDisable                      
00002b6d  IntEnable                       
00002f1d  IntMasterEnable                 
00002df9  IntRegister                     
00002f09  IntUnregister                   
00002f53  ResetISR                        
00001145  SysCtlAltClkConfig              
0000086d  SysCtlClockFreqSet              
00000d35  SysCtlClockGet                  
00001129  SysCtlClockOutConfig            
00000b65  SysCtlClockSet                  
00000771  SysCtlDeepSleep                 
00000ef9  SysCtlDeepSleepClockConfigSet   
00000edb  SysCtlDeepSleepClockSet         
00000751  SysCtlDeepSleepPowerSet         
00002f6f  SysCtlDelay                     
000002ff  SysCtlFlashSectorSizeGet        
000002d3  SysCtlFlashSizeGet              
00000fcf  SysCtlGPIOAHBDisable            
00000fb3  SysCtlGPIOAHBEnable             
000006e5  SysCtlIntClear                  
000006cd  SysCtlIntDisable                
000006b9  SysCtlIntEnable                 
00000691  SysCtlIntRegister               
000006f5  SysCtlIntStatus                 
000006a9  SysCtlIntUnregister             
00000737  SysCtlLDODeepSleepGet           
00000727  SysCtlLDODeepSleepSet           
00000721  SysCtlLDOSleepGet               
00000711  SysCtlLDOSleepSet               
000007a7  SysCtlMOSCConfigSet             
0000110d  SysCtlNMIClear                  
000010f9  SysCtlNMIStatus                 
000007bd  SysCtlPIOSCCalibrate            
00000f9d  SysCtlPWMClockGet               
00000f83  SysCtlPWMClockSet               
0000063d  SysCtlPeripheralClockGating     
000005f5  SysCtlPeripheralDeepSleepDisable
000005a5  SysCtlPeripheralDeepSleepEnable 
000004e1  SysCtlPeripheralDisable         
000004a5  SysCtlPeripheralEnable          
000003e1  SysCtlPeripheralPowerOff        
000003a5  SysCtlPeripheralPowerOn         
00000325  SysCtlPeripheralPresent         
00000365  SysCtlPeripheralReady           
0000041d  SysCtlPeripheralReset           
00000569  SysCtlPeripheralSleepDisable    
00000525  SysCtlPeripheralSleepEnable     
00000761  SysCtlReset                     
0000081d  SysCtlResetBehaviorGet          
0000080d  SysCtlResetBehaviorSet          
00000793  SysCtlResetCauseClear           
0000078d  SysCtlResetCauseGet             
000002c9  SysCtlSRAMSizeGet               
00000769  SysCtlSleep                     
0000073d  SysCtlSleepPowerSet             
00000ff7  SysCtlUSBPLLDisable             
00000feb  SysCtlUSBPLLEnable              
0000103d  SysCtlVCOGet                    
00001025  SysCtlVoltageEventClear         
00001009  SysCtlVoltageEventConfig        
00001019  SysCtlVoltageEventStatus        
00001ddb  UART0_IntHandler                
00001759  UART9BitAddrSend                
00001733  UART9BitAddrSet                 
0000171d  UART9BitDisable                 
00001707  UART9BitEnable                  
000015ab  UARTBreakCtl                    
000015d5  UARTBusy                        
00001553  UARTCharGet                     
00001537  UARTCharGetNonBlocking          
0000158d  UARTCharPut                     
00001569  UARTCharPutNonBlocking          
000014fb  UARTCharsAvail                  
000016f7  UARTClockSourceGet              
000016e3  UARTClockSourceSet              
000012cb  UARTConfigGetExpClk             
00001255  UARTConfigSetExpClk             
000016a9  UARTDMADisable                  
00001691  UARTDMAEnable                   
0000133b  UARTDisable                     
000013bf  UARTDisableSIR                  
00001317  UARTEnable                      
00001391  UARTEnableSIR                   
0000137b  UARTFIFODisable                 
00001365  UARTFIFOEnable                  
0000122d  UARTFIFOLevelGet                
00001215  UARTFIFOLevelSet                
000014bb  UARTFlowControlGet              
0000149f  UARTFlowControlSet              
0000167f  UARTIntClear                    
00001649  UARTIntDisable                  
00001631  UARTIntEnable                   
000015f3  UARTIntRegister                 
00001661  UARTIntStatus                   
00001611  UARTIntUnregister               
000017a1  UARTLoopbackEnable              
00001455  UARTModemControlClear           
00001479  UARTModemControlGet             
0000141d  UARTModemControlSet             
0000148b  UARTModemStatusGet              
00001203  UARTParityModeGet               
000011e7  UARTParityModeSet               
00001cfd  UARTReceive                     
000016d3  UARTRxErrorClear                
000016c1  UARTRxErrorGet                  
00001407  UARTSmartCardDisable            
000013d5  UARTSmartCardEnable             
00001519  UARTSpaceAvail                  
000017b9  UARTStdioConfig                 
000014e9  UARTTxIntModeGet                
000014cd  UARTTxIntModeSet                
00001909  UARTgetc                        
0000184f  UARTgets                        
00001c2b  UARTprintf                      
00001931  UARTvprintf                     
000017ff  UARTwrite                       
20000e10  __STACK_END                     
00000200  __STACK_SIZE                    
20000e10  __STACK_TOP                     
00003368  __TI_CINIT_Base                 
00003380  __TI_CINIT_Limit                
00003340  __TI_Handler_Table_Base         
0000334c  __TI_Handler_Table_Limit        
00002c89  __TI_auto_init_nobinit_nopinit  
00002bd5  __TI_decompress_lzss            
00002f2d  __TI_decompress_none            
ffffffff  __TI_pprof_out_hndl             
ffffffff  __TI_prof_data_size             
ffffffff  __TI_prof_data_start            
00000000  __TI_static_base__              
00002f47  __TI_zero_init                  
00002ccd  __aeabi_d2uiz                   
000023d3  __aeabi_dadd                    
000026ed  __aeabi_ddiv                    
00002823  __aeabi_dmul                    
000023c9  __aeabi_dsub                    
00002f61  __aeabi_errno_addr              
00002e61  __aeabi_i2d                     
0000257f  __aeabi_idiv0                   
0000257f  __aeabi_ldiv0                   
00002a8b  __aeabi_memclr                  
00002a8b  __aeabi_memclr4                 
00002a8b  __aeabi_memclr8                 
000029ef  __aeabi_memcpy                  
000029ef  __aeabi_memcpy4                 
000029ef  __aeabi_memcpy8                 
00002a8d  __aeabi_memset                  
00002a8d  __aeabi_memset4                 
00002a8d  __aeabi_memset8                 
00002ebb  __aeabi_ui2d                    
00002d11  __aeabi_uidiv                   
00002d11  __aeabi_uidivmod                
ffffffff  __binit__                       
ffffffff  __c_args__                      
UNDEFED   __mpu_init                      
20000c10  __stack                         
20000000  __start___llvm_prf_cnts         
20000000  __stop___llvm_prf_cnts          
00002e2d  _c_int00_noargs                 
UNDEFED   _system_post_cinit              
00002f79  _system_pre_init                
00002f7d  abort                           
ffffffff  binit                           
00002d51  buffA_process                   
00002d89  buffB_process                   
2000026c  bufferA                         
200002ec  bufferB                         
00001ea3  buttons                         
00001cb7  configureGPIOINPUT              
00001c71  configureUART0                  
00001f01  convert                         
20000c0c  count                           
00001d3f  dma_init                        
20000374  dma_state                       
20000380  errno                           
20000800  file                            
20000370  file_size                       
20000000  g_pfnRAMVectors                 
00000000  g_pfnVectors                    
20000c00  g_ui32SysClock                  
000020d5  log10                           
000020d5  log10l                          
00001f8d  main                            
000029ef  memcpy                          
00002a93  memset                          
2000036c  received_size                   
00001e97  request_file_info               
20000c04  rxbuffA                         
20000c08  rxbuffB                         
00002dc1  strncpy                         
00001c61  sysClock                        


GLOBAL SYMBOLS: SORTED BY Symbol Address 

address   name                            
-------   ----                            
00000000  __TI_static_base__              
00000000  g_pfnVectors                    
00000200  __STACK_SIZE                    
000002c9  SysCtlSRAMSizeGet               
000002d3  SysCtlFlashSizeGet              
000002ff  SysCtlFlashSectorSizeGet        
00000325  SysCtlPeripheralPresent         
00000365  SysCtlPeripheralReady           
000003a5  SysCtlPeripheralPowerOn         
000003e1  SysCtlPeripheralPowerOff        
0000041d  SysCtlPeripheralReset           
000004a5  SysCtlPeripheralEnable          
000004e1  SysCtlPeripheralDisable         
00000525  SysCtlPeripheralSleepEnable     
00000569  SysCtlPeripheralSleepDisable    
000005a5  SysCtlPeripheralDeepSleepEnable 
000005f5  SysCtlPeripheralDeepSleepDisable
0000063d  SysCtlPeripheralClockGating     
00000691  SysCtlIntRegister               
000006a9  SysCtlIntUnregister             
000006b9  SysCtlIntEnable                 
000006cd  SysCtlIntDisable                
000006e5  SysCtlIntClear                  
000006f5  SysCtlIntStatus                 
00000711  SysCtlLDOSleepSet               
00000721  SysCtlLDOSleepGet               
00000727  SysCtlLDODeepSleepSet           
00000737  SysCtlLDODeepSleepGet           
0000073d  SysCtlSleepPowerSet             
00000751  SysCtlDeepSleepPowerSet         
00000761  SysCtlReset                     
00000769  SysCtlSleep                     
00000771  SysCtlDeepSleep                 
0000078d  SysCtlResetCauseGet             
00000793  SysCtlResetCauseClear           
000007a7  SysCtlMOSCConfigSet             
000007bd  SysCtlPIOSCCalibrate            
0000080d  SysCtlResetBehaviorSet          
0000081d  SysCtlResetBehaviorGet          
0000086d  SysCtlClockFreqSet              
00000b65  SysCtlClockSet                  
00000d35  SysCtlClockGet                  
00000edb  SysCtlDeepSleepClockSet         
00000ef9  SysCtlDeepSleepClockConfigSet   
00000f83  SysCtlPWMClockSet               
00000f9d  SysCtlPWMClockGet               
00000fb3  SysCtlGPIOAHBEnable             
00000fcf  SysCtlGPIOAHBDisable            
00000feb  SysCtlUSBPLLEnable              
00000ff7  SysCtlUSBPLLDisable             
00001009  SysCtlVoltageEventConfig        
00001019  SysCtlVoltageEventStatus        
00001025  SysCtlVoltageEventClear         
0000103d  SysCtlVCOGet                    
000010f9  SysCtlNMIStatus                 
0000110d  SysCtlNMIClear                  
00001129  SysCtlClockOutConfig            
00001145  SysCtlAltClkConfig              
000011e7  UARTParityModeSet               
00001203  UARTParityModeGet               
00001215  UARTFIFOLevelSet                
0000122d  UARTFIFOLevelGet                
00001255  UARTConfigSetExpClk             
000012cb  UARTConfigGetExpClk             
00001317  UARTEnable                      
0000133b  UARTDisable                     
00001365  UARTFIFOEnable                  
0000137b  UARTFIFODisable                 
00001391  UARTEnableSIR                   
000013bf  UARTDisableSIR                  
000013d5  UARTSmartCardEnable             
00001407  UARTSmartCardDisable            
0000141d  UARTModemControlSet             
00001455  UARTModemControlClear           
00001479  UARTModemControlGet             
0000148b  UARTModemStatusGet              
0000149f  UARTFlowControlSet              
000014bb  UARTFlowControlGet              
000014cd  UARTTxIntModeSet                
000014e9  UARTTxIntModeGet                
000014fb  UARTCharsAvail                  
00001519  UARTSpaceAvail                  
00001537  UARTCharGetNonBlocking          
00001553  UARTCharGet                     
00001569  UARTCharPutNonBlocking          
0000158d  UARTCharPut                     
000015ab  UARTBreakCtl                    
000015d5  UARTBusy                        
000015f3  UARTIntRegister                 
00001611  UARTIntUnregister               
00001631  UARTIntEnable                   
00001649  UARTIntDisable                  
00001661  UARTIntStatus                   
0000167f  UARTIntClear                    
00001691  UARTDMAEnable                   
000016a9  UARTDMADisable                  
000016c1  UARTRxErrorGet                  
000016d3  UARTRxErrorClear                
000016e3  UARTClockSourceSet              
000016f7  UARTClockSourceGet              
00001707  UART9BitEnable                  
0000171d  UART9BitDisable                 
00001733  UART9BitAddrSet                 
00001759  UART9BitAddrSend                
000017a1  UARTLoopbackEnable              
000017b9  UARTStdioConfig                 
000017ff  UARTwrite                       
0000184f  UARTgets                        
00001909  UARTgetc                        
00001931  UARTvprintf                     
00001c2b  UARTprintf                      
00001c61  sysClock                        
00001c71  configureUART0                  
00001cb7  configureGPIOINPUT              
00001ce9  CRC_init                        
00001cfd  UARTReceive                     
00001d3f  dma_init                        
00001ddb  UART0_IntHandler                
00001e97  request_file_info               
00001ea3  buttons                         
00001f01  convert                         
00001f8d  main                            
000020d5  log10                           
000020d5  log10l                          
000023c9  __aeabi_dsub                    
000023d3  __aeabi_dadd                    
0000257f  __aeabi_idiv0                   
0000257f  __aeabi_ldiv0                   
00002581  GPIOPadConfigSet                
000026ed  __aeabi_ddiv                    
00002823  __aeabi_dmul                    
0000291f  CRCConfigSet                    
00002933  CRCSeedSet                      
00002947  CRCDataWrite                    
0000295b  CRCResultRead                   
0000297d  CRCDataProcess                  
000029ef  __aeabi_memcpy                  
000029ef  __aeabi_memcpy4                 
000029ef  __aeabi_memcpy8                 
000029ef  memcpy                          
00002a8b  __aeabi_memclr                  
00002a8b  __aeabi_memclr4                 
00002a8b  __aeabi_memclr8                 
00002a8d  __aeabi_memset                  
00002a8d  __aeabi_memset4                 
00002a8d  __aeabi_memset8                 
00002a93  memset                          
00002b05  IntDisable                      
00002b6d  IntEnable                       
00002bd5  __TI_decompress_lzss            
00002c3d  GPIOPinConfigure                
00002c89  __TI_auto_init_nobinit_nopinit  
00002ccd  __aeabi_d2uiz                   
00002d11  __aeabi_uidiv                   
00002d11  __aeabi_uidivmod                
00002d51  buffA_process                   
00002d89  buffB_process                   
00002dc1  strncpy                         
00002df9  IntRegister                     
00002e2d  _c_int00_noargs                 
00002e61  __aeabi_i2d                     
00002e8f  GPIODirModeSet                  
00002ebb  __aeabi_ui2d                    
00002edb  GPIOPinTypeGPIOInput            
00002ef1  GPIOPinTypeUART                 
00002f09  IntUnregister                   
00002f1d  IntMasterEnable                 
00002f2d  __TI_decompress_none            
00002f3b  CPUcpsie                        
00002f47  __TI_zero_init                  
00002f53  ResetISR                        
00002f61  __aeabi_errno_addr              
00002f69  GPIOPinRead                     
00002f6f  SysCtlDelay                     
00002f75  CPUwfi                          
00002f79  _system_pre_init                
00002f7d  C$$EXIT                         
00002f7d  abort                           
00003340  __TI_Handler_Table_Base         
0000334c  __TI_Handler_Table_Limit        
00003368  __TI_CINIT_Base                 
00003380  __TI_CINIT_Limit                
20000000  __start___llvm_prf_cnts         
20000000  __stop___llvm_prf_cnts          
20000000  g_pfnRAMVectors                 
2000026c  bufferA                         
200002ec  bufferB                         
2000036c  received_size                   
20000370  file_size                       
20000374  dma_state                       
20000380  errno                           
20000400  ControlTable                    
20000800  file                            
20000c00  g_ui32SysClock                  
20000c04  rxbuffA                         
20000c08  rxbuffB                         
20000c0c  count                           
20000c10  __stack                         
20000e10  __STACK_END                     
20000e10  __STACK_TOP                     
ffffffff  __TI_pprof_out_hndl             
ffffffff  __TI_prof_data_size             
ffffffff  __TI_prof_data_start            
ffffffff  __binit__                       
ffffffff  __c_args__                      
ffffffff  binit                           
UNDEFED   __mpu_init                      
UNDEFED   _system_post_cinit              

[208 symbols]
