<?xml version="1.0" encoding="ISO-8859-1" ?>
<link_info>
   <banner>TI ARM Linker PC v20.2.4.LTS</banner>
   <copyright>Copyright (c) 1996-2018 Texas Instruments Incorporated</copyright>
   <link_time>0x67bf12cb</link_time>
   <link_errors>0x0</link_errors>
   <output_file>UartBootloader.out</output_file>
   <entry_point>
      <name>_c_int00_noargs</name>
      <address>0x2e2d</address>
   </entry_point>
   <input_file_list>
      <input_file id="fl-2">
         <path>.\</path>
         <kind>object</kind>
         <file>crc.obj</file>
         <name>crc.obj</name>
      </input_file>
      <input_file id="fl-3">
         <path>.\</path>
         <kind>object</kind>
         <file>main.obj</file>
         <name>main.obj</name>
      </input_file>
      <input_file id="fl-4">
         <path>.\</path>
         <kind>object</kind>
         <file>sysctl.obj</file>
         <name>sysctl.obj</name>
      </input_file>
      <input_file id="fl-5">
         <path>.\</path>
         <kind>object</kind>
         <file>tm4c1294ncpdt_startup_ccs.obj</file>
         <name>tm4c1294ncpdt_startup_ccs.obj</name>
      </input_file>
      <input_file id="fl-6">
         <path>.\</path>
         <kind>object</kind>
         <file>uart.obj</file>
         <name>uart.obj</name>
      </input_file>
      <input_file id="fl-7">
         <path>.\</path>
         <kind>object</kind>
         <file>uartstdio.obj</file>
         <name>uartstdio.obj</name>
      </input_file>
      <input_file id="fl-8">
         <path>.\</path>
         <kind>object</kind>
         <file>udma.obj</file>
         <name>udma.obj</name>
      </input_file>
      <input_file id="fl-d">
         <kind>object</kind>
         <file>&lt;internal&gt;</file>
         <name>&lt;internal&gt;</name>
      </input_file>
      <input_file id="fl-c3">
         <path>C:\ti\ccs1031\ccs\tools\compiler\ti-cgt-arm_20.2.4.LTS\lib\</path>
         <kind>archive</kind>
         <file>rtsv7M4_T_le_v4SPD16_eabi.lib</file>
         <name>e_log10.c.obj</name>
      </input_file>
      <input_file id="fl-c4">
         <path>C:\ti\ccs1031\ccs\tools\compiler\ti-cgt-arm_20.2.4.LTS\lib\</path>
         <kind>archive</kind>
         <file>rtsv7M4_T_le_v4SPD16_eabi.lib</file>
         <name>u_divt2.asm.obj</name>
      </input_file>
      <input_file id="fl-c5">
         <path>C:\ti\ccs1031\ccs\tools\compiler\ti-cgt-arm_20.2.4.LTS\lib\</path>
         <kind>archive</kind>
         <file>rtsv7M4_T_le_v4SPD16_eabi.lib</file>
         <name>fd_add_t2.asm.obj</name>
      </input_file>
      <input_file id="fl-c6">
         <path>C:\ti\ccs1031\ccs\tools\compiler\ti-cgt-arm_20.2.4.LTS\lib\</path>
         <kind>archive</kind>
         <file>rtsv7M4_T_le_v4SPD16_eabi.lib</file>
         <name>fd_div_t2.asm.obj</name>
      </input_file>
      <input_file id="fl-c7">
         <path>C:\ti\ccs1031\ccs\tools\compiler\ti-cgt-arm_20.2.4.LTS\lib\</path>
         <kind>archive</kind>
         <file>rtsv7M4_T_le_v4SPD16_eabi.lib</file>
         <name>fd_mul_t2.asm.obj</name>
      </input_file>
      <input_file id="fl-c8">
         <path>C:\ti\ccs1031\ccs\tools\compiler\ti-cgt-arm_20.2.4.LTS\lib\</path>
         <kind>archive</kind>
         <file>rtsv7M4_T_le_v4SPD16_eabi.lib</file>
         <name>fd_tou_t2.asm.obj</name>
      </input_file>
      <input_file id="fl-c9">
         <path>C:\ti\ccs1031\ccs\tools\compiler\ti-cgt-arm_20.2.4.LTS\lib\</path>
         <kind>archive</kind>
         <file>rtsv7M4_T_le_v4SPD16_eabi.lib</file>
         <name>i_tofd_t2.asm.obj</name>
      </input_file>
      <input_file id="fl-ca">
         <path>C:\ti\ccs1031\ccs\tools\compiler\ti-cgt-arm_20.2.4.LTS\lib\</path>
         <kind>archive</kind>
         <file>rtsv7M4_T_le_v4SPD16_eabi.lib</file>
         <name>memcpy_t2.asm.obj</name>
      </input_file>
      <input_file id="fl-cb">
         <path>C:\ti\ccs1031\ccs\tools\compiler\ti-cgt-arm_20.2.4.LTS\lib\</path>
         <kind>archive</kind>
         <file>rtsv7M4_T_le_v4SPD16_eabi.lib</file>
         <name>u_tofd_t2.asm.obj</name>
      </input_file>
      <input_file id="fl-cc">
         <path>C:\ti\ccs1031\ccs\tools\compiler\ti-cgt-arm_20.2.4.LTS\lib\</path>
         <kind>archive</kind>
         <file>rtsv7M4_T_le_v4SPD16_eabi.lib</file>
         <name>copy_zero_init.c.obj</name>
      </input_file>
      <input_file id="fl-cd">
         <path>C:\ti\ccs1031\ccs\tools\compiler\ti-cgt-arm_20.2.4.LTS\lib\</path>
         <kind>archive</kind>
         <file>rtsv7M4_T_le_v4SPD16_eabi.lib</file>
         <name>copy_decompress_none.c.obj</name>
      </input_file>
      <input_file id="fl-ce">
         <path>C:\ti\ccs1031\ccs\tools\compiler\ti-cgt-arm_20.2.4.LTS\lib\</path>
         <kind>archive</kind>
         <file>rtsv7M4_T_le_v4SPD16_eabi.lib</file>
         <name>copy_decompress_lzss.c.obj</name>
      </input_file>
      <input_file id="fl-cf">
         <path>C:\ti\ccs1031\ccs\tools\compiler\ti-cgt-arm_20.2.4.LTS\lib\</path>
         <kind>archive</kind>
         <file>rtsv7M4_T_le_v4SPD16_eabi.lib</file>
         <name>strncpy.c.obj</name>
      </input_file>
      <input_file id="fl-d0">
         <path>C:\ti\ccs1031\ccs\tools\compiler\ti-cgt-arm_20.2.4.LTS\lib\</path>
         <kind>archive</kind>
         <file>rtsv7M4_T_le_v4SPD16_eabi.lib</file>
         <name>errno.c.obj</name>
      </input_file>
      <input_file id="fl-d1">
         <path>C:\ti\ccs1031\ccs\tools\compiler\ti-cgt-arm_20.2.4.LTS\lib\</path>
         <kind>archive</kind>
         <file>rtsv7M4_T_le_v4SPD16_eabi.lib</file>
         <name>boot_cortex_m.c.obj</name>
      </input_file>
      <input_file id="fl-d2">
         <path>C:\ti\ccs1031\ccs\tools\compiler\ti-cgt-arm_20.2.4.LTS\lib\</path>
         <kind>archive</kind>
         <file>rtsv7M4_T_le_v4SPD16_eabi.lib</file>
         <name>div0.asm.obj</name>
      </input_file>
      <input_file id="fl-d3">
         <path>C:\ti\ccs1031\ccs\tools\compiler\ti-cgt-arm_20.2.4.LTS\lib\</path>
         <kind>archive</kind>
         <file>rtsv7M4_T_le_v4SPD16_eabi.lib</file>
         <name>memset_t2.asm.obj</name>
      </input_file>
      <input_file id="fl-d4">
         <path>C:\ti\ccs1031\ccs\tools\compiler\ti-cgt-arm_20.2.4.LTS\lib\</path>
         <kind>archive</kind>
         <file>rtsv7M4_T_le_v4SPD16_eabi.lib</file>
         <name>autoinit.c.obj</name>
      </input_file>
      <input_file id="fl-d5">
         <path>C:\ti\ccs1031\ccs\tools\compiler\ti-cgt-arm_20.2.4.LTS\lib\</path>
         <kind>archive</kind>
         <file>rtsv7M4_T_le_v4SPD16_eabi.lib</file>
         <name>pre_init.c.obj</name>
      </input_file>
      <input_file id="fl-d6">
         <path>C:\ti\ccs1031\ccs\tools\compiler\ti-cgt-arm_20.2.4.LTS\lib\</path>
         <kind>archive</kind>
         <file>rtsv7M4_T_le_v4SPD16_eabi.lib</file>
         <name>cpy_tbl.c.obj</name>
      </input_file>
      <input_file id="fl-d7">
         <path>C:\ti\ccs1031\ccs\tools\compiler\ti-cgt-arm_20.2.4.LTS\lib\</path>
         <kind>archive</kind>
         <file>rtsv7M4_T_le_v4SPD16_eabi.lib</file>
         <name>exit.c.obj</name>
      </input_file>
      <input_file id="fl-d8">
         <path>C:\ti\ccs1031\ccs\tools\compiler\ti-cgt-arm_20.2.4.LTS\lib\</path>
         <kind>archive</kind>
         <file>rtsv7M4_T_le_v4SPD16_eabi.lib</file>
         <name>_lock.c.obj</name>
      </input_file>
      <input_file id="fl-d9">
         <path>C:\ti\ccs1031\ccs\tools\compiler\ti-cgt-arm_20.2.4.LTS\lib\</path>
         <kind>archive</kind>
         <file>rtsv7M4_T_le_v4SPD16_eabi.lib</file>
         <name>args_main.c.obj</name>
      </input_file>
      <input_file id="fl-da">
         <path>C:\ti\TivaWare_C_Series-2.2.0.295\driverlib\ccs\Debug\</path>
         <kind>archive</kind>
         <file>driverlib.lib</file>
         <name>cpu.obj</name>
      </input_file>
      <input_file id="fl-db">
         <path>C:\ti\TivaWare_C_Series-2.2.0.295\driverlib\ccs\Debug\</path>
         <kind>archive</kind>
         <file>driverlib.lib</file>
         <name>gpio.obj</name>
      </input_file>
      <input_file id="fl-dc">
         <path>C:\ti\TivaWare_C_Series-2.2.0.295\driverlib\ccs\Debug\</path>
         <kind>archive</kind>
         <file>driverlib.lib</file>
         <name>interrupt.obj</name>
      </input_file>
   </input_file_list>
   <object_component_list>
      <object_component id="oc-12">
         <name>.intvecs</name>
         <load_address>0x0</load_address>
         <run_address>0x0</run_address>
         <size>0x208</size>
         <input_file_ref idref="fl-5"/>
      </object_component>
      <object_component id="oc-74">
         <name>.text</name>
         <load_address>0x208</load_address>
         <run_address>0x208</run_address>
         <size>0xf80</size>
         <input_file_ref idref="fl-4"/>
      </object_component>
      <object_component id="oc-80">
         <name>.text</name>
         <load_address>0x1188</load_address>
         <run_address>0x1188</run_address>
         <size>0x62e</size>
         <input_file_ref idref="fl-6"/>
      </object_component>
      <object_component id="oc-22d">
         <name>.text:_IntDefaultHandler</name>
         <load_address>0x17b6</load_address>
         <run_address>0x17b6</run_address>
         <size>0x2</size>
         <input_file_ref idref="fl-dc"/>
      </object_component>
      <object_component id="oc-8c">
         <name>.text</name>
         <load_address>0x17b8</load_address>
         <run_address>0x17b8</run_address>
         <size>0x4a8</size>
         <input_file_ref idref="fl-7"/>
      </object_component>
      <object_component id="oc-2d">
         <name>.text</name>
         <load_address>0x1c60</load_address>
         <run_address>0x1c60</run_address>
         <size>0x474</size>
         <input_file_ref idref="fl-3"/>
      </object_component>
      <object_component id="oc-da">
         <name>.text:log10</name>
         <load_address>0x20d4</load_address>
         <run_address>0x20d4</run_address>
         <size>0x2f4</size>
         <input_file_ref idref="fl-c3"/>
      </object_component>
      <object_component id="oc-e0">
         <name>.text</name>
         <load_address>0x23c8</load_address>
         <run_address>0x23c8</run_address>
         <size>0x1b6</size>
         <input_file_ref idref="fl-c5"/>
      </object_component>
      <object_component id="oc-25b">
         <name>.text</name>
         <load_address>0x257e</load_address>
         <run_address>0x257e</run_address>
         <size>0x2</size>
         <input_file_ref idref="fl-d2"/>
      </object_component>
      <object_component id="oc-9e">
         <name>.text:GPIOPadConfigSet</name>
         <load_address>0x2580</load_address>
         <run_address>0x2580</run_address>
         <size>0x16c</size>
         <input_file_ref idref="fl-db"/>
      </object_component>
      <object_component id="oc-1b8">
         <name>.text</name>
         <load_address>0x26ec</load_address>
         <run_address>0x26ec</run_address>
         <size>0x136</size>
         <input_file_ref idref="fl-c6"/>
      </object_component>
      <object_component id="oc-1b3">
         <name>.text</name>
         <load_address>0x2822</load_address>
         <run_address>0x2822</run_address>
         <size>0xfc</size>
         <input_file_ref idref="fl-c7"/>
      </object_component>
      <object_component id="oc-a4">
         <name>.text</name>
         <load_address>0x291e</load_address>
         <run_address>0x291e</run_address>
         <size>0xd0</size>
         <input_file_ref idref="fl-2"/>
      </object_component>
      <object_component id="oc-41">
         <name>.text</name>
         <load_address>0x29ee</load_address>
         <run_address>0x29ee</run_address>
         <size>0x9c</size>
         <input_file_ref idref="fl-ca"/>
      </object_component>
      <object_component id="oc-11e">
         <name>.text</name>
         <load_address>0x2a8a</load_address>
         <run_address>0x2a8a</run_address>
         <size>0x7a</size>
         <input_file_ref idref="fl-d3"/>
      </object_component>
      <object_component id="oc-13f">
         <name>.text:IntDisable</name>
         <load_address>0x2b04</load_address>
         <run_address>0x2b04</run_address>
         <size>0x68</size>
         <input_file_ref idref="fl-dc"/>
      </object_component>
      <object_component id="oc-b0">
         <name>.text:IntEnable</name>
         <load_address>0x2b6c</load_address>
         <run_address>0x2b6c</run_address>
         <size>0x68</size>
         <input_file_ref idref="fl-dc"/>
      </object_component>
      <object_component id="oc-15">
         <name>.text:decompress:lzss:__TI_decompress_lzss</name>
         <load_address>0x2bd4</load_address>
         <run_address>0x2bd4</run_address>
         <size>0x68</size>
         <input_file_ref idref="fl-ce"/>
      </object_component>
      <object_component id="oc-7a">
         <name>.text:GPIOPinConfigure</name>
         <load_address>0x2c3c</load_address>
         <run_address>0x2c3c</run_address>
         <size>0x4c</size>
         <input_file_ref idref="fl-db"/>
      </object_component>
      <object_component id="oc-1f1">
         <name>.text:__TI_auto_init_nobinit_nopinit:__TI_auto_init_nobinit_nopinit</name>
         <load_address>0x2c88</load_address>
         <run_address>0x2c88</run_address>
         <size>0x44</size>
         <input_file_ref idref="fl-d4"/>
      </object_component>
      <object_component id="oc-e5">
         <name>.text</name>
         <load_address>0x2ccc</load_address>
         <run_address>0x2ccc</run_address>
         <size>0x44</size>
         <input_file_ref idref="fl-c8"/>
      </object_component>
      <object_component id="oc-17d">
         <name>.text</name>
         <load_address>0x2d10</load_address>
         <run_address>0x2d10</run_address>
         <size>0x40</size>
         <input_file_ref idref="fl-c4"/>
      </object_component>
      <object_component id="oc-b6">
         <name>.text:buffA_process</name>
         <load_address>0x2d50</load_address>
         <run_address>0x2d50</run_address>
         <size>0x38</size>
         <input_file_ref idref="fl-3"/>
      </object_component>
      <object_component id="oc-bd">
         <name>.text:buffB_process</name>
         <load_address>0x2d88</load_address>
         <run_address>0x2d88</run_address>
         <size>0x38</size>
         <input_file_ref idref="fl-3"/>
      </object_component>
      <object_component id="oc-cf">
         <name>.text:strncpy</name>
         <load_address>0x2dc0</load_address>
         <run_address>0x2dc0</run_address>
         <size>0x36</size>
         <input_file_ref idref="fl-cf"/>
      </object_component>
      <object_component id="oc-139">
         <name>.text:IntRegister</name>
         <load_address>0x2df8</load_address>
         <run_address>0x2df8</run_address>
         <size>0x34</size>
         <input_file_ref idref="fl-dc"/>
      </object_component>
      <object_component id="oc-5f">
         <name>.text:_c_int00_noargs:_c_int00_noargs</name>
         <load_address>0x2e2c</load_address>
         <run_address>0x2e2c</run_address>
         <size>0x34</size>
         <input_file_ref idref="fl-d1"/>
      </object_component>
      <object_component id="oc-1bd">
         <name>.text</name>
         <load_address>0x2e60</load_address>
         <run_address>0x2e60</run_address>
         <size>0x2e</size>
         <input_file_ref idref="fl-c9"/>
      </object_component>
      <object_component id="oc-98">
         <name>.text:GPIODirModeSet</name>
         <load_address>0x2e8e</load_address>
         <run_address>0x2e8e</run_address>
         <size>0x2c</size>
         <input_file_ref idref="fl-db"/>
      </object_component>
      <object_component id="oc-d5">
         <name>.text</name>
         <load_address>0x2eba</load_address>
         <run_address>0x2eba</run_address>
         <size>0x20</size>
         <input_file_ref idref="fl-cb"/>
      </object_component>
      <object_component id="oc-92">
         <name>.text:GPIOPinTypeGPIOInput</name>
         <load_address>0x2eda</load_address>
         <run_address>0x2eda</run_address>
         <size>0x16</size>
         <input_file_ref idref="fl-db"/>
      </object_component>
      <object_component id="oc-86">
         <name>.text:GPIOPinTypeUART</name>
         <load_address>0x2ef0</load_address>
         <run_address>0x2ef0</run_address>
         <size>0x16</size>
         <input_file_ref idref="fl-db"/>
      </object_component>
      <object_component id="oc-145">
         <name>.text:IntUnregister</name>
         <load_address>0x2f08</load_address>
         <run_address>0x2f08</run_address>
         <size>0x14</size>
         <input_file_ref idref="fl-dc"/>
      </object_component>
      <object_component id="oc-aa">
         <name>.text:IntMasterEnable</name>
         <load_address>0x2f1c</load_address>
         <run_address>0x2f1c</run_address>
         <size>0x10</size>
         <input_file_ref idref="fl-dc"/>
      </object_component>
      <object_component id="oc-1b">
         <name>.text:decompress:none:__TI_decompress_none</name>
         <load_address>0x2f2c</load_address>
         <run_address>0x2f2c</run_address>
         <size>0xe</size>
         <input_file_ref idref="fl-cd"/>
      </object_component>
      <object_component id="oc-191">
         <name>.text:CPUcpsie</name>
         <load_address>0x2f3a</load_address>
         <run_address>0x2f3a</run_address>
         <size>0xc</size>
         <input_file_ref idref="fl-da"/>
      </object_component>
      <object_component id="oc-53">
         <name>.text:decompress:ZI:__TI_zero_init</name>
         <load_address>0x2f46</load_address>
         <run_address>0x2f46</run_address>
         <size>0xc</size>
         <input_file_ref idref="fl-cc"/>
      </object_component>
      <object_component id="oc-27">
         <name>.text</name>
         <load_address>0x2f52</load_address>
         <run_address>0x2f52</run_address>
         <size>0xc</size>
         <input_file_ref idref="fl-5"/>
      </object_component>
      <object_component id="oc-1ad">
         <name>.text:__aeabi_errno_addr</name>
         <load_address>0x2f60</load_address>
         <run_address>0x2f60</run_address>
         <size>0x8</size>
         <input_file_ref idref="fl-d0"/>
      </object_component>
      <object_component id="oc-c4">
         <name>.text:GPIOPinRead</name>
         <load_address>0x2f68</load_address>
         <run_address>0x2f68</run_address>
         <size>0x6</size>
         <input_file_ref idref="fl-db"/>
      </object_component>
      <object_component id="oc-ca">
         <name>.text:SysCtlDelay</name>
         <load_address>0x2f6e</load_address>
         <run_address>0x2f6e</run_address>
         <size>0x6</size>
         <input_file_ref idref="fl-4"/>
      </object_component>
      <object_component id="oc-14b">
         <name>.text:CPUwfi</name>
         <load_address>0x2f74</load_address>
         <run_address>0x2f74</run_address>
         <size>0x4</size>
         <input_file_ref idref="fl-da"/>
      </object_component>
      <object_component id="oc-124">
         <name>.text:_system_pre_init</name>
         <load_address>0x2f78</load_address>
         <run_address>0x2f78</run_address>
         <size>0x4</size>
         <input_file_ref idref="fl-d5"/>
      </object_component>
      <object_component id="oc-1e5">
         <name>.text:abort:abort</name>
         <load_address>0x2f7c</load_address>
         <run_address>0x2f7c</run_address>
         <size>0x4</size>
         <input_file_ref idref="fl-d7"/>
      </object_component>
      <object_component id="oc-157">
         <name>.const:g_pppui32XTALtoVCO</name>
         <load_address>0x2f80</load_address>
         <run_address>0x2f80</run_address>
         <size>0x1b0</size>
         <input_file_ref idref="fl-4"/>
      </object_component>
      <object_component id="oc-161">
         <name>.const:g_pui32GPIOBaseAddrs</name>
         <load_address>0x3130</load_address>
         <run_address>0x3130</run_address>
         <size>0x90</size>
         <input_file_ref idref="fl-db"/>
      </object_component>
      <object_component id="oc-151">
         <name>.const:g_pui32Xtals</name>
         <load_address>0x31c0</load_address>
         <run_address>0x31c0</run_address>
         <size>0x6c</size>
         <input_file_ref idref="fl-4"/>
      </object_component>
      <object_component id="oc-16b">
         <name>.const:g_ppui32UARTIntMap</name>
         <load_address>0x322c</load_address>
         <run_address>0x322c</run_address>
         <size>0x40</size>
         <input_file_ref idref="fl-6"/>
      </object_component>
      <object_component id="oc-16e">
         <name>.const:g_ppui32UARTIntMapSnowflake</name>
         <load_address>0x326c</load_address>
         <run_address>0x326c</run_address>
         <size>0x40</size>
         <input_file_ref idref="fl-6"/>
      </object_component>
      <object_component id="oc-136">
         <name>.const:g_sXTALtoMEMTIM</name>
         <load_address>0x32ac</load_address>
         <run_address>0x32ac</run_address>
         <size>0x30</size>
         <input_file_ref idref="fl-4"/>
      </object_component>
      <object_component id="oc-229">
         <name>.const:g_pui32Dii16Regs</name>
         <load_address>0x32dc</load_address>
         <run_address>0x32dc</run_address>
         <size>0x14</size>
         <input_file_ref idref="fl-dc"/>
      </object_component>
      <object_component id="oc-198">
         <name>.const:g_pui32EnRegs</name>
         <load_address>0x32f0</load_address>
         <run_address>0x32f0</run_address>
         <size>0x14</size>
         <input_file_ref idref="fl-dc"/>
      </object_component>
      <object_component id="oc-261">
         <name>.const:.string</name>
         <load_address>0x3304</load_address>
         <run_address>0x3304</run_address>
         <size>0x12</size>
         <input_file_ref idref="fl-7"/>
      </object_component>
      <object_component id="oc-17a">
         <name>.const:g_ui32UARTBase</name>
         <load_address>0x3318</load_address>
         <run_address>0x3318</run_address>
         <size>0xc</size>
         <input_file_ref idref="fl-7"/>
      </object_component>
      <object_component id="oc-174">
         <name>.const:g_ui32UARTPeriph</name>
         <load_address>0x3324</load_address>
         <run_address>0x3324</run_address>
         <size>0xc</size>
         <input_file_ref idref="fl-7"/>
      </object_component>
      <object_component id="oc-154">
         <name>.const:g_pui32VCOFrequencies</name>
         <load_address>0x3330</load_address>
         <run_address>0x3330</run_address>
         <size>0x8</size>
         <input_file_ref idref="fl-4"/>
      </object_component>
      <object_component id="oc-182">
         <name>.const</name>
         <load_address>0x3338</load_address>
         <run_address>0x3338</run_address>
         <size>0x4</size>
         <input_file_ref idref="fl-7"/>
      </object_component>
      <object_component id="oc-302">
         <name>__TI_handler_table</name>
         <load_address>0x3340</load_address>
         <run_address>0x3340</run_address>
         <size>0xc</size>
      </object_component>
      <object_component id="oc-305">
         <name>.cinit..data.load</name>
         <load_address>0x334c</load_address>
         <run_address>0x334c</run_address>
         <size>0x9</size>
      </object_component>
      <object_component id="oc-306">
         <name>.cinit..bss.load</name>
         <load_address>0x3358</load_address>
         <run_address>0x3358</run_address>
         <size>0x8</size>
      </object_component>
      <object_component id="oc-304">
         <name>.cinit..vtable.load</name>
         <load_address>0x3360</load_address>
         <run_address>0x3360</run_address>
         <size>0x8</size>
      </object_component>
      <object_component id="oc-303">
         <name>__TI_cinit_table</name>
         <load_address>0x3368</load_address>
         <run_address>0x3368</run_address>
         <size>0x18</size>
      </object_component>
      <object_component id="oc-225">
         <name>.vtable</name>
         <uninitialized>true</uninitialized>
         <run_address>0x20000000</run_address>
         <size>0x26c</size>
         <input_file_ref idref="fl-dc"/>
      </object_component>
      <object_component id="oc-ea">
         <name>.data:bufferA</name>
         <load_address>0x2000026c</load_address>
         <run_address>0x2000026c</run_address>
         <size>0x80</size>
         <input_file_ref idref="fl-3"/>
      </object_component>
      <object_component id="oc-ed">
         <name>.data:bufferB</name>
         <load_address>0x200002ec</load_address>
         <run_address>0x200002ec</run_address>
         <size>0x80</size>
         <input_file_ref idref="fl-3"/>
      </object_component>
      <object_component id="oc-f0">
         <name>.data</name>
         <load_address>0x2000036c</load_address>
         <run_address>0x2000036c</run_address>
         <size>0x9</size>
         <input_file_ref idref="fl-3"/>
      </object_component>
      <object_component id="oc-177">
         <name>.data</name>
         <load_address>0x20000378</load_address>
         <run_address>0x20000378</run_address>
         <size>0x5</size>
         <input_file_ref idref="fl-7"/>
      </object_component>
      <object_component id="oc-26f">
         <name>.data</name>
         <load_address>0x20000380</load_address>
         <run_address>0x20000380</run_address>
         <size>0x4</size>
         <input_file_ref idref="fl-d0"/>
      </object_component>
      <object_component id="oc-cb">
         <name>.common:g_ui32SysClock</name>
         <uninitialized>true</uninitialized>
         <run_address>0x20000c00</run_address>
         <size>0x4</size>
      </object_component>
      <object_component id="oc-f5">
         <name>.common:count</name>
         <uninitialized>true</uninitialized>
         <run_address>0x20000c0c</run_address>
         <size>0x1</size>
      </object_component>
      <object_component id="oc-ce">
         <name>.common:ControlTable</name>
         <uninitialized>true</uninitialized>
         <run_address>0x20000400</run_address>
         <size>0x400</size>
      </object_component>
      <object_component id="oc-f4">
         <name>.common:rxbuffB</name>
         <uninitialized>true</uninitialized>
         <run_address>0x20000c08</run_address>
         <size>0x4</size>
      </object_component>
      <object_component id="oc-f3">
         <name>.common:rxbuffA</name>
         <uninitialized>true</uninitialized>
         <run_address>0x20000c04</run_address>
         <size>0x4</size>
      </object_component>
      <object_component id="oc-f6">
         <name>.common:file</name>
         <uninitialized>true</uninitialized>
         <run_address>0x20000800</run_address>
         <size>0x400</size>
      </object_component>
      <object_component id="oc-24">
         <name>.stack</name>
         <uninitialized>true</uninitialized>
         <run_address>0x20000c10</run_address>
         <size>0x4</size>
         <input_file_ref idref="fl-d1"/>
      </object_component>
      <object_component id="oc-308">
         <name>.stack</name>
         <uninitialized>true</uninitialized>
         <run_address>0x20000c10</run_address>
         <size>0x0</size>
      </object_component>
      <object_component id="oc-190">
         <name>.debug_info</name>
         <load_address>0x0</load_address>
         <run_address>0x0</run_address>
         <size>0x292</size>
         <input_file_ref idref="fl-2"/>
      </object_component>
      <object_component id="oc-a5">
         <name>.debug_info</name>
         <load_address>0x292</load_address>
         <run_address>0x292</run_address>
         <size>0x6ca</size>
         <input_file_ref idref="fl-2"/>
      </object_component>
      <object_component id="oc-104">
         <name>.debug_info</name>
         <load_address>0x95c</load_address>
         <run_address>0x95c</run_address>
         <size>0x26b</size>
         <input_file_ref idref="fl-2"/>
      </object_component>
      <object_component id="oc-fd">
         <name>.debug_info</name>
         <load_address>0xbc7</load_address>
         <run_address>0xbc7</run_address>
         <size>0x8b</size>
         <input_file_ref idref="fl-2"/>
      </object_component>
      <object_component id="oc-1d5">
         <name>.debug_info</name>
         <load_address>0xc52</load_address>
         <run_address>0xc52</run_address>
         <size>0x2a4</size>
         <input_file_ref idref="fl-2"/>
      </object_component>
      <object_component id="oc-15b">
         <name>.debug_info</name>
         <load_address>0xef6</load_address>
         <run_address>0xef6</run_address>
         <size>0xef</size>
         <input_file_ref idref="fl-2"/>
      </object_component>
      <object_component id="oc-f8">
         <name>.debug_info</name>
         <load_address>0xfe5</load_address>
         <run_address>0xfe5</run_address>
         <size>0xbb</size>
         <input_file_ref idref="fl-2"/>
      </object_component>
      <object_component id="oc-cc">
         <name>.debug_info</name>
         <load_address>0x10a0</load_address>
         <run_address>0x10a0</run_address>
         <size>0x87f</size>
         <input_file_ref idref="fl-3"/>
      </object_component>
      <object_component id="oc-eb">
         <name>.debug_info</name>
         <load_address>0x191f</load_address>
         <run_address>0x191f</run_address>
         <size>0xd1</size>
         <input_file_ref idref="fl-3"/>
      </object_component>
      <object_component id="oc-ee">
         <name>.debug_info</name>
         <load_address>0x19f0</load_address>
         <run_address>0x19f0</run_address>
         <size>0xd1</size>
         <input_file_ref idref="fl-3"/>
      </object_component>
      <object_component id="oc-f1">
         <name>.debug_info</name>
         <load_address>0x1ac1</load_address>
         <run_address>0x1ac1</run_address>
         <size>0x123</size>
         <input_file_ref idref="fl-3"/>
      </object_component>
      <object_component id="oc-b7">
         <name>.debug_info</name>
         <load_address>0x1be4</load_address>
         <run_address>0x1be4</run_address>
         <size>0x125</size>
         <input_file_ref idref="fl-3"/>
      </object_component>
      <object_component id="oc-be">
         <name>.debug_info</name>
         <load_address>0x1d09</load_address>
         <run_address>0x1d09</run_address>
         <size>0x125</size>
         <input_file_ref idref="fl-3"/>
      </object_component>
      <object_component id="oc-2e">
         <name>.debug_info</name>
         <load_address>0x1e2e</load_address>
         <run_address>0x1e2e</run_address>
         <size>0x8e5</size>
         <input_file_ref idref="fl-3"/>
      </object_component>
      <object_component id="oc-1a0">
         <name>.debug_info</name>
         <load_address>0x2713</load_address>
         <run_address>0x2713</run_address>
         <size>0x86</size>
         <input_file_ref idref="fl-3"/>
      </object_component>
      <object_component id="oc-1a5">
         <name>.debug_info</name>
         <load_address>0x2799</load_address>
         <run_address>0x2799</run_address>
         <size>0x2c</size>
         <input_file_ref idref="fl-3"/>
      </object_component>
      <object_component id="oc-187">
         <name>.debug_info</name>
         <load_address>0x27c5</load_address>
         <run_address>0x27c5</run_address>
         <size>0x2c</size>
         <input_file_ref idref="fl-3"/>
      </object_component>
      <object_component id="oc-1d0">
         <name>.debug_info</name>
         <load_address>0x27f1</load_address>
         <run_address>0x27f1</run_address>
         <size>0x5e</size>
         <input_file_ref idref="fl-3"/>
      </object_component>
      <object_component id="oc-160">
         <name>.debug_info</name>
         <load_address>0x284f</load_address>
         <run_address>0x284f</run_address>
         <size>0x3e1</size>
         <input_file_ref idref="fl-4"/>
      </object_component>
      <object_component id="oc-152">
         <name>.debug_info</name>
         <load_address>0x2c30</load_address>
         <run_address>0x2c30</run_address>
         <size>0x105</size>
         <input_file_ref idref="fl-4"/>
      </object_component>
      <object_component id="oc-158">
         <name>.debug_info</name>
         <load_address>0x2d35</load_address>
         <run_address>0x2d35</run_address>
         <size>0x111</size>
         <input_file_ref idref="fl-4"/>
      </object_component>
      <object_component id="oc-137">
         <name>.debug_info</name>
         <load_address>0x2e46</load_address>
         <run_address>0x2e46</run_address>
         <size>0x10b</size>
         <input_file_ref idref="fl-4"/>
      </object_component>
      <object_component id="oc-155">
         <name>.debug_info</name>
         <load_address>0x2f51</load_address>
         <run_address>0x2f51</run_address>
         <size>0x118</size>
         <input_file_ref idref="fl-4"/>
      </object_component>
      <object_component id="oc-76">
         <name>.debug_info</name>
         <load_address>0x3069</load_address>
         <run_address>0x3069</run_address>
         <size>0x3923</size>
         <input_file_ref idref="fl-4"/>
      </object_component>
      <object_component id="oc-23d">
         <name>.debug_info</name>
         <load_address>0x698c</load_address>
         <run_address>0x698c</run_address>
         <size>0x51</size>
         <input_file_ref idref="fl-4"/>
      </object_component>
      <object_component id="oc-35">
         <name>.debug_info</name>
         <load_address>0x69dd</load_address>
         <run_address>0x69dd</run_address>
         <size>0x2d9</size>
         <input_file_ref idref="fl-5"/>
      </object_component>
      <object_component id="oc-13">
         <name>.debug_info</name>
         <load_address>0x6cb6</load_address>
         <run_address>0x6cb6</run_address>
         <size>0xf0</size>
         <input_file_ref idref="fl-5"/>
      </object_component>
      <object_component id="oc-28">
         <name>.debug_info</name>
         <load_address>0x6da6</load_address>
         <run_address>0x6da6</run_address>
         <size>0x26f</size>
         <input_file_ref idref="fl-5"/>
      </object_component>
      <object_component id="oc-3c">
         <name>.debug_info</name>
         <load_address>0x7015</load_address>
         <run_address>0x7015</run_address>
         <size>0x84</size>
         <input_file_ref idref="fl-5"/>
      </object_component>
      <object_component id="oc-172">
         <name>.debug_info</name>
         <load_address>0x7099</load_address>
         <run_address>0x7099</run_address>
         <size>0x361</size>
         <input_file_ref idref="fl-6"/>
      </object_component>
      <object_component id="oc-16c">
         <name>.debug_info</name>
         <load_address>0x73fa</load_address>
         <run_address>0x73fa</run_address>
         <size>0x10f</size>
         <input_file_ref idref="fl-6"/>
      </object_component>
      <object_component id="oc-16f">
         <name>.debug_info</name>
         <load_address>0x7509</load_address>
         <run_address>0x7509</run_address>
         <size>0x121</size>
         <input_file_ref idref="fl-6"/>
      </object_component>
      <object_component id="oc-81">
         <name>.debug_info</name>
         <load_address>0x762a</load_address>
         <run_address>0x762a</run_address>
         <size>0x32c1</size>
         <input_file_ref idref="fl-6"/>
      </object_component>
      <object_component id="oc-186">
         <name>.debug_info</name>
         <load_address>0xa8eb</load_address>
         <run_address>0xa8eb</run_address>
         <size>0x409</size>
         <input_file_ref idref="fl-7"/>
      </object_component>
      <object_component id="oc-178">
         <name>.debug_info</name>
         <load_address>0xacf4</load_address>
         <run_address>0xacf4</run_address>
         <size>0x100</size>
         <input_file_ref idref="fl-7"/>
      </object_component>
      <object_component id="oc-183">
         <name>.debug_info</name>
         <load_address>0xadf4</load_address>
         <run_address>0xadf4</run_address>
         <size>0xfa</size>
         <input_file_ref idref="fl-7"/>
      </object_component>
      <object_component id="oc-17b">
         <name>.debug_info</name>
         <load_address>0xaeee</load_address>
         <run_address>0xaeee</run_address>
         <size>0x108</size>
         <input_file_ref idref="fl-7"/>
      </object_component>
      <object_component id="oc-175">
         <name>.debug_info</name>
         <load_address>0xaff6</load_address>
         <run_address>0xaff6</run_address>
         <size>0x10c</size>
         <input_file_ref idref="fl-7"/>
      </object_component>
      <object_component id="oc-8e">
         <name>.debug_info</name>
         <load_address>0xb102</load_address>
         <run_address>0xb102</run_address>
         <size>0x965</size>
         <input_file_ref idref="fl-7"/>
      </object_component>
      <object_component id="oc-dd">
         <name>.debug_info</name>
         <load_address>0xba67</load_address>
         <run_address>0xba67</run_address>
         <size>0x4b1</size>
         <input_file_ref idref="fl-c3"/>
      </object_component>
      <object_component id="oc-277">
         <name>.debug_info</name>
         <load_address>0xbf18</load_address>
         <run_address>0xbf18</run_address>
         <size>0x46</size>
         <input_file_ref idref="fl-c3"/>
      </object_component>
      <object_component id="oc-1c3">
         <name>.debug_info</name>
         <load_address>0xbf5e</load_address>
         <run_address>0xbf5e</run_address>
         <size>0x39</size>
         <input_file_ref idref="fl-c3"/>
      </object_component>
      <object_component id="oc-17f">
         <name>.debug_info</name>
         <load_address>0xbf97</load_address>
         <run_address>0xbf97</run_address>
         <size>0x142</size>
         <input_file_ref idref="fl-c4"/>
      </object_component>
      <object_component id="oc-e1">
         <name>.debug_info</name>
         <load_address>0xc0d9</load_address>
         <run_address>0xc0d9</run_address>
         <size>0x14c</size>
         <input_file_ref idref="fl-c5"/>
      </object_component>
      <object_component id="oc-1b9">
         <name>.debug_info</name>
         <load_address>0xc225</load_address>
         <run_address>0xc225</run_address>
         <size>0x13a</size>
         <input_file_ref idref="fl-c6"/>
      </object_component>
      <object_component id="oc-1b4">
         <name>.debug_info</name>
         <load_address>0xc35f</load_address>
         <run_address>0xc35f</run_address>
         <size>0x13a</size>
         <input_file_ref idref="fl-c7"/>
      </object_component>
      <object_component id="oc-e6">
         <name>.debug_info</name>
         <load_address>0xc499</load_address>
         <run_address>0xc499</run_address>
         <size>0x139</size>
         <input_file_ref idref="fl-c8"/>
      </object_component>
      <object_component id="oc-1bf">
         <name>.debug_info</name>
         <load_address>0xc5d2</load_address>
         <run_address>0xc5d2</run_address>
         <size>0x12c</size>
         <input_file_ref idref="fl-c9"/>
      </object_component>
      <object_component id="oc-42">
         <name>.debug_info</name>
         <load_address>0xc6fe</load_address>
         <run_address>0xc6fe</run_address>
         <size>0x119</size>
         <input_file_ref idref="fl-ca"/>
      </object_component>
      <object_component id="oc-d7">
         <name>.debug_info</name>
         <load_address>0xc817</load_address>
         <run_address>0xc817</run_address>
         <size>0x12e</size>
         <input_file_ref idref="fl-cb"/>
      </object_component>
      <object_component id="oc-11d">
         <name>.debug_info</name>
         <load_address>0xc945</load_address>
         <run_address>0xc945</run_address>
         <size>0x2d4</size>
         <input_file_ref idref="fl-cc"/>
      </object_component>
      <object_component id="oc-57">
         <name>.debug_info</name>
         <load_address>0xcc19</load_address>
         <run_address>0xcc19</run_address>
         <size>0x1b5</size>
         <input_file_ref idref="fl-cc"/>
      </object_component>
      <object_component id="oc-118">
         <name>.debug_info</name>
         <load_address>0xcdce</load_address>
         <run_address>0xcdce</run_address>
         <size>0x46</size>
         <input_file_ref idref="fl-cc"/>
      </object_component>
      <object_component id="oc-4c">
         <name>.debug_info</name>
         <load_address>0xce14</load_address>
         <run_address>0xce14</run_address>
         <size>0x2a8</size>
         <input_file_ref idref="fl-cd"/>
      </object_component>
      <object_component id="oc-1c">
         <name>.debug_info</name>
         <load_address>0xd0bc</load_address>
         <run_address>0xd0bc</run_address>
         <size>0x1ea</size>
         <input_file_ref idref="fl-cd"/>
      </object_component>
      <object_component id="oc-47">
         <name>.debug_info</name>
         <load_address>0xd2a6</load_address>
         <run_address>0xd2a6</run_address>
         <size>0x46</size>
         <input_file_ref idref="fl-cd"/>
      </object_component>
      <object_component id="oc-110">
         <name>.debug_info</name>
         <load_address>0xd2ec</load_address>
         <run_address>0xd2ec</run_address>
         <size>0x2c</size>
         <input_file_ref idref="fl-cd"/>
      </object_component>
      <object_component id="oc-10e">
         <name>.debug_info</name>
         <load_address>0xd318</load_address>
         <run_address>0xd318</run_address>
         <size>0x29e</size>
         <input_file_ref idref="fl-ce"/>
      </object_component>
      <object_component id="oc-17">
         <name>.debug_info</name>
         <load_address>0xd5b6</load_address>
         <run_address>0xd5b6</run_address>
         <size>0x250</size>
         <input_file_ref idref="fl-ce"/>
      </object_component>
      <object_component id="oc-37">
         <name>.debug_info</name>
         <load_address>0xd806</load_address>
         <run_address>0xd806</run_address>
         <size>0x60</size>
         <input_file_ref idref="fl-ce"/>
      </object_component>
      <object_component id="oc-1da">
         <name>.debug_info</name>
         <load_address>0xd866</load_address>
         <run_address>0xd866</run_address>
         <size>0x46</size>
         <input_file_ref idref="fl-ce"/>
      </object_component>
      <object_component id="oc-109">
         <name>.debug_info</name>
         <load_address>0xd8ac</load_address>
         <run_address>0xd8ac</run_address>
         <size>0x39</size>
         <input_file_ref idref="fl-ce"/>
      </object_component>
      <object_component id="oc-1ab">
         <name>.debug_info</name>
         <load_address>0xd8e5</load_address>
         <run_address>0xd8e5</run_address>
         <size>0x2af</size>
         <input_file_ref idref="fl-cf"/>
      </object_component>
      <object_component id="oc-d2">
         <name>.debug_info</name>
         <load_address>0xdb94</load_address>
         <run_address>0xdb94</run_address>
         <size>0x277</size>
         <input_file_ref idref="fl-cf"/>
      </object_component>
      <object_component id="oc-273">
         <name>.debug_info</name>
         <load_address>0xde0b</load_address>
         <run_address>0xde0b</run_address>
         <size>0x289</size>
         <input_file_ref idref="fl-d0"/>
      </object_component>
      <object_component id="oc-270">
         <name>.debug_info</name>
         <load_address>0xe094</load_address>
         <run_address>0xe094</run_address>
         <size>0x10e</size>
         <input_file_ref idref="fl-d0"/>
      </object_component>
      <object_component id="oc-1b0">
         <name>.debug_info</name>
         <load_address>0xe1a2</load_address>
         <run_address>0xe1a2</run_address>
         <size>0x14e</size>
         <input_file_ref idref="fl-d0"/>
      </object_component>
      <object_component id="oc-25">
         <name>.debug_info</name>
         <load_address>0xe2f0</load_address>
         <run_address>0xe2f0</run_address>
         <size>0x10b</size>
         <input_file_ref idref="fl-d1"/>
      </object_component>
      <object_component id="oc-62">
         <name>.debug_info</name>
         <load_address>0xe3fb</load_address>
         <run_address>0xe3fb</run_address>
         <size>0x1a9</size>
         <input_file_ref idref="fl-d1"/>
      </object_component>
      <object_component id="oc-25c">
         <name>.debug_info</name>
         <load_address>0xe5a4</load_address>
         <run_address>0xe5a4</run_address>
         <size>0x115</size>
         <input_file_ref idref="fl-d2"/>
      </object_component>
      <object_component id="oc-11f">
         <name>.debug_info</name>
         <load_address>0xe6b9</load_address>
         <run_address>0xe6b9</run_address>
         <size>0x147</size>
         <input_file_ref idref="fl-d3"/>
      </object_component>
      <object_component id="oc-287">
         <name>.debug_info</name>
         <load_address>0xe800</load_address>
         <run_address>0xe800</run_address>
         <size>0x4b3</size>
         <input_file_ref idref="fl-d4"/>
      </object_component>
      <object_component id="oc-1f2">
         <name>.debug_info</name>
         <load_address>0xecb3</load_address>
         <run_address>0xecb3</run_address>
         <size>0x1a6</size>
         <input_file_ref idref="fl-d4"/>
      </object_component>
      <object_component id="oc-2b7">
         <name>.debug_info</name>
         <load_address>0xee59</load_address>
         <run_address>0xee59</run_address>
         <size>0x39</size>
         <input_file_ref idref="fl-d4"/>
      </object_component>
      <object_component id="oc-2cd">
         <name>.debug_info</name>
         <load_address>0xee92</load_address>
         <run_address>0xee92</run_address>
         <size>0x39</size>
         <input_file_ref idref="fl-d4"/>
      </object_component>
      <object_component id="oc-2bc">
         <name>.debug_info</name>
         <load_address>0xeecb</load_address>
         <run_address>0xeecb</run_address>
         <size>0x39</size>
         <input_file_ref idref="fl-d4"/>
      </object_component>
      <object_component id="oc-2c1">
         <name>.debug_info</name>
         <load_address>0xef04</load_address>
         <run_address>0xef04</run_address>
         <size>0xcd</size>
         <input_file_ref idref="fl-d4"/>
      </object_component>
      <object_component id="oc-128">
         <name>.debug_info</name>
         <load_address>0xefd1</load_address>
         <run_address>0xefd1</run_address>
         <size>0x153</size>
         <input_file_ref idref="fl-d5"/>
      </object_component>
      <object_component id="oc-1e8">
         <name>.debug_info</name>
         <load_address>0xf124</load_address>
         <run_address>0xf124</run_address>
         <size>0x122</size>
         <input_file_ref idref="fl-d7"/>
      </object_component>
      <object_component id="oc-2a1">
         <name>.debug_info</name>
         <load_address>0xf246</load_address>
         <run_address>0xf246</run_address>
         <size>0x2d7</size>
         <input_file_ref idref="fl-da"/>
      </object_component>
      <object_component id="oc-14f">
         <name>.debug_info</name>
         <load_address>0xf51d</load_address>
         <run_address>0xf51d</run_address>
         <size>0x213</size>
         <input_file_ref idref="fl-da"/>
      </object_component>
      <object_component id="oc-194">
         <name>.debug_info</name>
         <load_address>0xf730</load_address>
         <run_address>0xf730</run_address>
         <size>0x21b</size>
         <input_file_ref idref="fl-da"/>
      </object_component>
      <object_component id="oc-24a">
         <name>.debug_info</name>
         <load_address>0xf94b</load_address>
         <run_address>0xf94b</run_address>
         <size>0x26b</size>
         <input_file_ref idref="fl-da"/>
      </object_component>
      <object_component id="oc-243">
         <name>.debug_info</name>
         <load_address>0xfbb6</load_address>
         <run_address>0xfbb6</run_address>
         <size>0x297</size>
         <input_file_ref idref="fl-da"/>
      </object_component>
      <object_component id="oc-165">
         <name>.debug_info</name>
         <load_address>0xfe4d</load_address>
         <run_address>0xfe4d</run_address>
         <size>0xbb</size>
         <input_file_ref idref="fl-da"/>
      </object_component>
      <object_component id="oc-16a">
         <name>.debug_info</name>
         <load_address>0xff08</load_address>
         <run_address>0xff08</run_address>
         <size>0x3e4</size>
         <input_file_ref idref="fl-db"/>
      </object_component>
      <object_component id="oc-162">
         <name>.debug_info</name>
         <load_address>0x102ec</load_address>
         <run_address>0x102ec</run_address>
         <size>0x164</size>
         <input_file_ref idref="fl-db"/>
      </object_component>
      <object_component id="oc-99">
         <name>.debug_info</name>
         <load_address>0x10450</load_address>
         <run_address>0x10450</run_address>
         <size>0x2bc</size>
         <input_file_ref idref="fl-db"/>
      </object_component>
      <object_component id="oc-9f">
         <name>.debug_info</name>
         <load_address>0x1070c</load_address>
         <run_address>0x1070c</run_address>
         <size>0x31f</size>
         <input_file_ref idref="fl-db"/>
      </object_component>
      <object_component id="oc-87">
         <name>.debug_info</name>
         <load_address>0x10a2b</load_address>
         <run_address>0x10a2b</run_address>
         <size>0x29b</size>
         <input_file_ref idref="fl-db"/>
      </object_component>
      <object_component id="oc-93">
         <name>.debug_info</name>
         <load_address>0x10cc6</load_address>
         <run_address>0x10cc6</run_address>
         <size>0x2a5</size>
         <input_file_ref idref="fl-db"/>
      </object_component>
      <object_component id="oc-c6">
         <name>.debug_info</name>
         <load_address>0x10f6b</load_address>
         <run_address>0x10f6b</run_address>
         <size>0x284</size>
         <input_file_ref idref="fl-db"/>
      </object_component>
      <object_component id="oc-7c">
         <name>.debug_info</name>
         <load_address>0x111ef</load_address>
         <run_address>0x111ef</run_address>
         <size>0x289</size>
         <input_file_ref idref="fl-db"/>
      </object_component>
      <object_component id="oc-19c">
         <name>.debug_info</name>
         <load_address>0x11478</load_address>
         <run_address>0x11478</run_address>
         <size>0x3b7</size>
         <input_file_ref idref="fl-dc"/>
      </object_component>
      <object_component id="oc-199">
         <name>.debug_info</name>
         <load_address>0x1182f</load_address>
         <run_address>0x1182f</run_address>
         <size>0x15b</size>
         <input_file_ref idref="fl-dc"/>
      </object_component>
      <object_component id="oc-22a">
         <name>.debug_info</name>
         <load_address>0x1198a</load_address>
         <run_address>0x1198a</run_address>
         <size>0x161</size>
         <input_file_ref idref="fl-dc"/>
      </object_component>
      <object_component id="oc-226">
         <name>.debug_info</name>
         <load_address>0x11aeb</load_address>
         <run_address>0x11aeb</run_address>
         <size>0x160</size>
         <input_file_ref idref="fl-dc"/>
      </object_component>
      <object_component id="oc-22f">
         <name>.debug_info</name>
         <load_address>0x11c4b</load_address>
         <run_address>0x11c4b</run_address>
         <size>0x22e</size>
         <input_file_ref idref="fl-dc"/>
      </object_component>
      <object_component id="oc-147">
         <name>.debug_info</name>
         <load_address>0x11e79</load_address>
         <run_address>0x11e79</run_address>
         <size>0x279</size>
         <input_file_ref idref="fl-dc"/>
      </object_component>
      <object_component id="oc-13b">
         <name>.debug_info</name>
         <load_address>0x120f2</load_address>
         <run_address>0x120f2</run_address>
         <size>0x2ca</size>
         <input_file_ref idref="fl-dc"/>
      </object_component>
      <object_component id="oc-ab">
         <name>.debug_info</name>
         <load_address>0x123bc</load_address>
         <run_address>0x123bc</run_address>
         <size>0x247</size>
         <input_file_ref idref="fl-dc"/>
      </object_component>
      <object_component id="oc-b1">
         <name>.debug_info</name>
         <load_address>0x12603</load_address>
         <run_address>0x12603</run_address>
         <size>0x271</size>
         <input_file_ref idref="fl-dc"/>
      </object_component>
      <object_component id="oc-140">
         <name>.debug_info</name>
         <load_address>0x12874</load_address>
         <run_address>0x12874</run_address>
         <size>0x273</size>
         <input_file_ref idref="fl-dc"/>
      </object_component>
      <object_component id="oc-309">
         <name>.debug_info</name>
         <load_address>0x12ae7</load_address>
         <run_address>0x12ae7</run_address>
         <size>0xa2</size>
      </object_component>
      <object_component id="oc-267">
         <name>.debug_line</name>
         <load_address>0x0</load_address>
         <run_address>0x0</run_address>
         <size>0x20</size>
         <input_file_ref idref="fl-2"/>
      </object_component>
      <object_component id="oc-a8">
         <name>.debug_line</name>
         <load_address>0x20</load_address>
         <run_address>0x20</run_address>
         <size>0xf7</size>
         <input_file_ref idref="fl-2"/>
      </object_component>
      <object_component id="oc-107">
         <name>.debug_line</name>
         <load_address>0x117</load_address>
         <run_address>0x117</run_address>
         <size>0x6f</size>
         <input_file_ref idref="fl-2"/>
      </object_component>
      <object_component id="oc-100">
         <name>.debug_line</name>
         <load_address>0x186</load_address>
         <run_address>0x186</run_address>
         <size>0x20</size>
         <input_file_ref idref="fl-2"/>
      </object_component>
      <object_component id="oc-1d8">
         <name>.debug_line</name>
         <load_address>0x1a6</load_address>
         <run_address>0x1a6</run_address>
         <size>0x73</size>
         <input_file_ref idref="fl-2"/>
      </object_component>
      <object_component id="oc-15e">
         <name>.debug_line</name>
         <load_address>0x219</load_address>
         <run_address>0x219</run_address>
         <size>0x6f</size>
         <input_file_ref idref="fl-2"/>
      </object_component>
      <object_component id="oc-fb">
         <name>.debug_line</name>
         <load_address>0x288</load_address>
         <run_address>0x288</run_address>
         <size>0x70</size>
         <input_file_ref idref="fl-2"/>
      </object_component>
      <object_component id="oc-19f">
         <name>.debug_line</name>
         <load_address>0x2f8</load_address>
         <run_address>0x2f8</run_address>
         <size>0x20c</size>
         <input_file_ref idref="fl-3"/>
      </object_component>
      <object_component id="oc-1cb">
         <name>.debug_line</name>
         <load_address>0x504</load_address>
         <run_address>0x504</run_address>
         <size>0x2d</size>
         <input_file_ref idref="fl-3"/>
      </object_component>
      <object_component id="oc-1cd">
         <name>.debug_line</name>
         <load_address>0x531</load_address>
         <run_address>0x531</run_address>
         <size>0x2d</size>
         <input_file_ref idref="fl-3"/>
      </object_component>
      <object_component id="oc-1cf">
         <name>.debug_line</name>
         <load_address>0x55e</load_address>
         <run_address>0x55e</run_address>
         <size>0x2d</size>
         <input_file_ref idref="fl-3"/>
      </object_component>
      <object_component id="oc-ba">
         <name>.debug_line</name>
         <load_address>0x58b</load_address>
         <run_address>0x58b</run_address>
         <size>0x46</size>
         <input_file_ref idref="fl-3"/>
      </object_component>
      <object_component id="oc-c1">
         <name>.debug_line</name>
         <load_address>0x5d1</load_address>
         <run_address>0x5d1</run_address>
         <size>0x46</size>
         <input_file_ref idref="fl-3"/>
      </object_component>
      <object_component id="oc-31">
         <name>.debug_line</name>
         <load_address>0x617</load_address>
         <run_address>0x617</run_address>
         <size>0x1f4</size>
         <input_file_ref idref="fl-3"/>
      </object_component>
      <object_component id="oc-1a3">
         <name>.debug_line</name>
         <load_address>0x80b</load_address>
         <run_address>0x80b</run_address>
         <size>0x56</size>
         <input_file_ref idref="fl-3"/>
      </object_component>
      <object_component id="oc-1a8">
         <name>.debug_line</name>
         <load_address>0x861</load_address>
         <run_address>0x861</run_address>
         <size>0x6b</size>
         <input_file_ref idref="fl-3"/>
      </object_component>
      <object_component id="oc-18a">
         <name>.debug_line</name>
         <load_address>0x8cc</load_address>
         <run_address>0x8cc</run_address>
         <size>0x6b</size>
         <input_file_ref idref="fl-3"/>
      </object_component>
      <object_component id="oc-1d3">
         <name>.debug_line</name>
         <load_address>0x937</load_address>
         <run_address>0x937</run_address>
         <size>0x2d</size>
         <input_file_ref idref="fl-3"/>
      </object_component>
      <object_component id="oc-23c">
         <name>.debug_line</name>
         <load_address>0x964</load_address>
         <run_address>0x964</run_address>
         <size>0xc8</size>
         <input_file_ref idref="fl-4"/>
      </object_component>
      <object_component id="oc-236">
         <name>.debug_line</name>
         <load_address>0xa2c</load_address>
         <run_address>0xa2c</run_address>
         <size>0x58</size>
         <input_file_ref idref="fl-4"/>
      </object_component>
      <object_component id="oc-23a">
         <name>.debug_line</name>
         <load_address>0xa84</load_address>
         <run_address>0xa84</run_address>
         <size>0x58</size>
         <input_file_ref idref="fl-4"/>
      </object_component>
      <object_component id="oc-224">
         <name>.debug_line</name>
         <load_address>0xadc</load_address>
         <run_address>0xadc</run_address>
         <size>0x58</size>
         <input_file_ref idref="fl-4"/>
      </object_component>
      <object_component id="oc-238">
         <name>.debug_line</name>
         <load_address>0xb34</load_address>
         <run_address>0xb34</run_address>
         <size>0x58</size>
         <input_file_ref idref="fl-4"/>
      </object_component>
      <object_component id="oc-75">
         <name>.debug_line</name>
         <load_address>0xb8c</load_address>
         <run_address>0xb8c</run_address>
         <size>0x996</size>
         <input_file_ref idref="fl-4"/>
      </object_component>
      <object_component id="oc-23f">
         <name>.debug_line</name>
         <load_address>0x1522</load_address>
         <run_address>0x1522</run_address>
         <size>0x58</size>
         <input_file_ref idref="fl-4"/>
      </object_component>
      <object_component id="oc-103">
         <name>.debug_line</name>
         <load_address>0x157a</load_address>
         <run_address>0x157a</run_address>
         <size>0x42</size>
         <input_file_ref idref="fl-5"/>
      </object_component>
      <object_component id="oc-34">
         <name>.debug_line</name>
         <load_address>0x15bc</load_address>
         <run_address>0x15bc</run_address>
         <size>0x42</size>
         <input_file_ref idref="fl-5"/>
      </object_component>
      <object_component id="oc-2c">
         <name>.debug_line</name>
         <load_address>0x15fe</load_address>
         <run_address>0x15fe</run_address>
         <size>0xa2</size>
         <input_file_ref idref="fl-5"/>
      </object_component>
      <object_component id="oc-3f">
         <name>.debug_line</name>
         <load_address>0x16a0</load_address>
         <run_address>0x16a0</run_address>
         <size>0x20</size>
         <input_file_ref idref="fl-5"/>
      </object_component>
      <object_component id="oc-254">
         <name>.debug_line</name>
         <load_address>0x16c0</load_address>
         <run_address>0x16c0</run_address>
         <size>0x5b</size>
         <input_file_ref idref="fl-6"/>
      </object_component>
      <object_component id="oc-250">
         <name>.debug_line</name>
         <load_address>0x171b</load_address>
         <run_address>0x171b</run_address>
         <size>0x56</size>
         <input_file_ref idref="fl-6"/>
      </object_component>
      <object_component id="oc-252">
         <name>.debug_line</name>
         <load_address>0x1771</load_address>
         <run_address>0x1771</run_address>
         <size>0x56</size>
         <input_file_ref idref="fl-6"/>
      </object_component>
      <object_component id="oc-85">
         <name>.debug_line</name>
         <load_address>0x17c7</load_address>
         <run_address>0x17c7</run_address>
         <size>0x5d3</size>
         <input_file_ref idref="fl-6"/>
      </object_component>
      <object_component id="oc-265">
         <name>.debug_line</name>
         <load_address>0x1d9a</load_address>
         <run_address>0x1d9a</run_address>
         <size>0x8e</size>
         <input_file_ref idref="fl-7"/>
      </object_component>
      <object_component id="oc-258">
         <name>.debug_line</name>
         <load_address>0x1e28</load_address>
         <run_address>0x1e28</run_address>
         <size>0x57</size>
         <input_file_ref idref="fl-7"/>
      </object_component>
      <object_component id="oc-263">
         <name>.debug_line</name>
         <load_address>0x1e7f</load_address>
         <run_address>0x1e7f</run_address>
         <size>0x57</size>
         <input_file_ref idref="fl-7"/>
      </object_component>
      <object_component id="oc-25a">
         <name>.debug_line</name>
         <load_address>0x1ed6</load_address>
         <run_address>0x1ed6</run_address>
         <size>0x57</size>
         <input_file_ref idref="fl-7"/>
      </object_component>
      <object_component id="oc-256">
         <name>.debug_line</name>
         <load_address>0x1f2d</load_address>
         <run_address>0x1f2d</run_address>
         <size>0x57</size>
         <input_file_ref idref="fl-7"/>
      </object_component>
      <object_component id="oc-90">
         <name>.debug_line</name>
         <load_address>0x1f84</load_address>
         <run_address>0x1f84</run_address>
         <size>0x2ad</size>
         <input_file_ref idref="fl-7"/>
      </object_component>
      <object_component id="oc-df">
         <name>.debug_line</name>
         <load_address>0x2231</load_address>
         <run_address>0x2231</run_address>
         <size>0xac</size>
         <input_file_ref idref="fl-c3"/>
      </object_component>
      <object_component id="oc-27a">
         <name>.debug_line</name>
         <load_address>0x22dd</load_address>
         <run_address>0x22dd</run_address>
         <size>0x9a</size>
         <input_file_ref idref="fl-c3"/>
      </object_component>
      <object_component id="oc-1c6">
         <name>.debug_line</name>
         <load_address>0x2377</load_address>
         <run_address>0x2377</run_address>
         <size>0x97</size>
         <input_file_ref idref="fl-c3"/>
      </object_component>
      <object_component id="oc-17e">
         <name>.debug_line</name>
         <load_address>0x240e</load_address>
         <run_address>0x240e</run_address>
         <size>0x5b</size>
         <input_file_ref idref="fl-c4"/>
      </object_component>
      <object_component id="oc-e4">
         <name>.debug_line</name>
         <load_address>0x2469</load_address>
         <run_address>0x2469</run_address>
         <size>0xd2</size>
         <input_file_ref idref="fl-c5"/>
      </object_component>
      <object_component id="oc-1bc">
         <name>.debug_line</name>
         <load_address>0x253b</load_address>
         <run_address>0x253b</run_address>
         <size>0xa8</size>
         <input_file_ref idref="fl-c6"/>
      </object_component>
      <object_component id="oc-1b7">
         <name>.debug_line</name>
         <load_address>0x25e3</load_address>
         <run_address>0x25e3</run_address>
         <size>0x8e</size>
         <input_file_ref idref="fl-c7"/>
      </object_component>
      <object_component id="oc-e9">
         <name>.debug_line</name>
         <load_address>0x2671</load_address>
         <run_address>0x2671</run_address>
         <size>0x59</size>
         <input_file_ref idref="fl-c8"/>
      </object_component>
      <object_component id="oc-1c1">
         <name>.debug_line</name>
         <load_address>0x26ca</load_address>
         <run_address>0x26ca</run_address>
         <size>0x50</size>
         <input_file_ref idref="fl-c9"/>
      </object_component>
      <object_component id="oc-45">
         <name>.debug_line</name>
         <load_address>0x271a</load_address>
         <run_address>0x271a</run_address>
         <size>0x88</size>
         <input_file_ref idref="fl-ca"/>
      </object_component>
      <object_component id="oc-d9">
         <name>.debug_line</name>
         <load_address>0x27a2</load_address>
         <run_address>0x27a2</run_address>
         <size>0x4c</size>
         <input_file_ref idref="fl-cb"/>
      </object_component>
      <object_component id="oc-1e2">
         <name>.debug_line</name>
         <load_address>0x27ee</load_address>
         <run_address>0x27ee</run_address>
         <size>0x92</size>
         <input_file_ref idref="fl-cc"/>
      </object_component>
      <object_component id="oc-54">
         <name>.debug_line</name>
         <load_address>0x2880</load_address>
         <run_address>0x2880</run_address>
         <size>0x53</size>
         <input_file_ref idref="fl-cc"/>
      </object_component>
      <object_component id="oc-11b">
         <name>.debug_line</name>
         <load_address>0x28d3</load_address>
         <run_address>0x28d3</run_address>
         <size>0x34</size>
         <input_file_ref idref="fl-cc"/>
      </object_component>
      <object_component id="oc-116">
         <name>.debug_line</name>
         <load_address>0x2907</load_address>
         <run_address>0x2907</run_address>
         <size>0x20</size>
         <input_file_ref idref="fl-cd"/>
      </object_component>
      <object_component id="oc-20">
         <name>.debug_line</name>
         <load_address>0x2927</load_address>
         <run_address>0x2927</run_address>
         <size>0x55</size>
         <input_file_ref idref="fl-cd"/>
      </object_component>
      <object_component id="oc-4a">
         <name>.debug_line</name>
         <load_address>0x297c</load_address>
         <run_address>0x297c</run_address>
         <size>0x3a</size>
         <input_file_ref idref="fl-cd"/>
      </object_component>
      <object_component id="oc-113">
         <name>.debug_line</name>
         <load_address>0x29b6</load_address>
         <run_address>0x29b6</run_address>
         <size>0x92</size>
         <input_file_ref idref="fl-cd"/>
      </object_component>
      <object_component id="oc-1e0">
         <name>.debug_line</name>
         <load_address>0x2a48</load_address>
         <run_address>0x2a48</run_address>
         <size>0x20</size>
         <input_file_ref idref="fl-ce"/>
      </object_component>
      <object_component id="oc-19">
         <name>.debug_line</name>
         <load_address>0x2a68</load_address>
         <run_address>0x2a68</run_address>
         <size>0xa9</size>
         <input_file_ref idref="fl-ce"/>
      </object_component>
      <object_component id="oc-3a">
         <name>.debug_line</name>
         <load_address>0x2b11</load_address>
         <run_address>0x2b11</run_address>
         <size>0x3a</size>
         <input_file_ref idref="fl-ce"/>
      </object_component>
      <object_component id="oc-1dd">
         <name>.debug_line</name>
         <load_address>0x2b4b</load_address>
         <run_address>0x2b4b</run_address>
         <size>0x9a</size>
         <input_file_ref idref="fl-ce"/>
      </object_component>
      <object_component id="oc-10c">
         <name>.debug_line</name>
         <load_address>0x2be5</load_address>
         <run_address>0x2be5</run_address>
         <size>0x96</size>
         <input_file_ref idref="fl-ce"/>
      </object_component>
      <object_component id="oc-26e">
         <name>.debug_line</name>
         <load_address>0x2c7b</load_address>
         <run_address>0x2c7b</run_address>
         <size>0x20</size>
         <input_file_ref idref="fl-cf"/>
      </object_component>
      <object_component id="oc-d4">
         <name>.debug_line</name>
         <load_address>0x2c9b</load_address>
         <run_address>0x2c9b</run_address>
         <size>0xbd</size>
         <input_file_ref idref="fl-cf"/>
      </object_component>
      <object_component id="oc-2a6">
         <name>.debug_line</name>
         <load_address>0x2d58</load_address>
         <run_address>0x2d58</run_address>
         <size>0x20</size>
         <input_file_ref idref="fl-d0"/>
      </object_component>
      <object_component id="oc-2a4">
         <name>.debug_line</name>
         <load_address>0x2d78</load_address>
         <run_address>0x2d78</run_address>
         <size>0x2b</size>
         <input_file_ref idref="fl-d0"/>
      </object_component>
      <object_component id="oc-1af">
         <name>.debug_line</name>
         <load_address>0x2da3</load_address>
         <run_address>0x2da3</run_address>
         <size>0x40</size>
         <input_file_ref idref="fl-d0"/>
      </object_component>
      <object_component id="oc-72">
         <name>.debug_line</name>
         <load_address>0x2de3</load_address>
         <run_address>0x2de3</run_address>
         <size>0x33</size>
         <input_file_ref idref="fl-d1"/>
      </object_component>
      <object_component id="oc-60">
         <name>.debug_line</name>
         <load_address>0x2e16</load_address>
         <run_address>0x2e16</run_address>
         <size>0x45</size>
         <input_file_ref idref="fl-d1"/>
      </object_component>
      <object_component id="oc-25f">
         <name>.debug_line</name>
         <load_address>0x2e5b</load_address>
         <run_address>0x2e5b</run_address>
         <size>0x37</size>
         <input_file_ref idref="fl-d2"/>
      </object_component>
      <object_component id="oc-122">
         <name>.debug_line</name>
         <load_address>0x2e92</load_address>
         <run_address>0x2e92</run_address>
         <size>0x79</size>
         <input_file_ref idref="fl-d3"/>
      </object_component>
      <object_component id="oc-2b6">
         <name>.debug_line</name>
         <load_address>0x2f0b</load_address>
         <run_address>0x2f0b</run_address>
         <size>0xbf</size>
         <input_file_ref idref="fl-d4"/>
      </object_component>
      <object_component id="oc-1f5">
         <name>.debug_line</name>
         <load_address>0x2fca</load_address>
         <run_address>0x2fca</run_address>
         <size>0x6f</size>
         <input_file_ref idref="fl-d4"/>
      </object_component>
      <object_component id="oc-2ba">
         <name>.debug_line</name>
         <load_address>0x3039</load_address>
         <run_address>0x3039</run_address>
         <size>0x2e</size>
         <input_file_ref idref="fl-d4"/>
      </object_component>
      <object_component id="oc-2d0">
         <name>.debug_line</name>
         <load_address>0x3067</load_address>
         <run_address>0x3067</run_address>
         <size>0x9a</size>
         <input_file_ref idref="fl-d4"/>
      </object_component>
      <object_component id="oc-2bf">
         <name>.debug_line</name>
         <load_address>0x3101</load_address>
         <run_address>0x3101</run_address>
         <size>0x97</size>
         <input_file_ref idref="fl-d4"/>
      </object_component>
      <object_component id="oc-2c4">
         <name>.debug_line</name>
         <load_address>0x3198</load_address>
         <run_address>0x3198</run_address>
         <size>0x93</size>
         <input_file_ref idref="fl-d4"/>
      </object_component>
      <object_component id="oc-125">
         <name>.debug_line</name>
         <load_address>0x322b</load_address>
         <run_address>0x322b</run_address>
         <size>0x40</size>
         <input_file_ref idref="fl-d5"/>
      </object_component>
      <object_component id="oc-1ea">
         <name>.debug_line</name>
         <load_address>0x326b</load_address>
         <run_address>0x326b</run_address>
         <size>0x3c</size>
         <input_file_ref idref="fl-d7"/>
      </object_component>
      <object_component id="oc-2c9">
         <name>.debug_line</name>
         <load_address>0x32a7</load_address>
         <run_address>0x32a7</run_address>
         <size>0x20</size>
         <input_file_ref idref="fl-da"/>
      </object_component>
      <object_component id="oc-14e">
         <name>.debug_line</name>
         <load_address>0x32c7</load_address>
         <run_address>0x32c7</run_address>
         <size>0x8e</size>
         <input_file_ref idref="fl-da"/>
      </object_component>
      <object_component id="oc-196">
         <name>.debug_line</name>
         <load_address>0x3355</load_address>
         <run_address>0x3355</run_address>
         <size>0x91</size>
         <input_file_ref idref="fl-da"/>
      </object_component>
      <object_component id="oc-24d">
         <name>.debug_line</name>
         <load_address>0x33e6</load_address>
         <run_address>0x33e6</run_address>
         <size>0x71</size>
         <input_file_ref idref="fl-da"/>
      </object_component>
      <object_component id="oc-246">
         <name>.debug_line</name>
         <load_address>0x3457</load_address>
         <run_address>0x3457</run_address>
         <size>0x75</size>
         <input_file_ref idref="fl-da"/>
      </object_component>
      <object_component id="oc-168">
         <name>.debug_line</name>
         <load_address>0x34cc</load_address>
         <run_address>0x34cc</run_address>
         <size>0x72</size>
         <input_file_ref idref="fl-da"/>
      </object_component>
      <object_component id="oc-249">
         <name>.debug_line</name>
         <load_address>0x353e</load_address>
         <run_address>0x353e</run_address>
         <size>0x82</size>
         <input_file_ref idref="fl-db"/>
      </object_component>
      <object_component id="oc-242">
         <name>.debug_line</name>
         <load_address>0x35c0</load_address>
         <run_address>0x35c0</run_address>
         <size>0x7d</size>
         <input_file_ref idref="fl-db"/>
      </object_component>
      <object_component id="oc-9c">
         <name>.debug_line</name>
         <load_address>0x363d</load_address>
         <run_address>0x363d</run_address>
         <size>0x95</size>
         <input_file_ref idref="fl-db"/>
      </object_component>
      <object_component id="oc-a2">
         <name>.debug_line</name>
         <load_address>0x36d2</load_address>
         <run_address>0x36d2</run_address>
         <size>0xc4</size>
         <input_file_ref idref="fl-db"/>
      </object_component>
      <object_component id="oc-8a">
         <name>.debug_line</name>
         <load_address>0x3796</load_address>
         <run_address>0x3796</run_address>
         <size>0x99</size>
         <input_file_ref idref="fl-db"/>
      </object_component>
      <object_component id="oc-96">
         <name>.debug_line</name>
         <load_address>0x382f</load_address>
         <run_address>0x382f</run_address>
         <size>0x99</size>
         <input_file_ref idref="fl-db"/>
      </object_component>
      <object_component id="oc-c9">
         <name>.debug_line</name>
         <load_address>0x38c8</load_address>
         <run_address>0x38c8</run_address>
         <size>0x92</size>
         <input_file_ref idref="fl-db"/>
      </object_component>
      <object_component id="oc-7f">
         <name>.debug_line</name>
         <load_address>0x395a</load_address>
         <run_address>0x395a</run_address>
         <size>0xa7</size>
         <input_file_ref idref="fl-db"/>
      </object_component>
      <object_component id="oc-26c">
         <name>.debug_line</name>
         <load_address>0x3a01</load_address>
         <run_address>0x3a01</run_address>
         <size>0x7c</size>
         <input_file_ref idref="fl-dc"/>
      </object_component>
      <object_component id="oc-26a">
         <name>.debug_line</name>
         <load_address>0x3a7d</load_address>
         <run_address>0x3a7d</run_address>
         <size>0x82</size>
         <input_file_ref idref="fl-dc"/>
      </object_component>
      <object_component id="oc-29f">
         <name>.debug_line</name>
         <load_address>0x3aff</load_address>
         <run_address>0x3aff</run_address>
         <size>0x82</size>
         <input_file_ref idref="fl-dc"/>
      </object_component>
      <object_component id="oc-29d">
         <name>.debug_line</name>
         <load_address>0x3b81</load_address>
         <run_address>0x3b81</run_address>
         <size>0x82</size>
         <input_file_ref idref="fl-dc"/>
      </object_component>
      <object_component id="oc-22e">
         <name>.debug_line</name>
         <load_address>0x3c03</load_address>
         <run_address>0x3c03</run_address>
         <size>0x97</size>
         <input_file_ref idref="fl-dc"/>
      </object_component>
      <object_component id="oc-146">
         <name>.debug_line</name>
         <load_address>0x3c9a</load_address>
         <run_address>0x3c9a</run_address>
         <size>0x97</size>
         <input_file_ref idref="fl-dc"/>
      </object_component>
      <object_component id="oc-13a">
         <name>.debug_line</name>
         <load_address>0x3d31</load_address>
         <run_address>0x3d31</run_address>
         <size>0xaf</size>
         <input_file_ref idref="fl-dc"/>
      </object_component>
      <object_component id="oc-af">
         <name>.debug_line</name>
         <load_address>0x3de0</load_address>
         <run_address>0x3de0</run_address>
         <size>0x97</size>
         <input_file_ref idref="fl-dc"/>
      </object_component>
      <object_component id="oc-b4">
         <name>.debug_line</name>
         <load_address>0x3e77</load_address>
         <run_address>0x3e77</run_address>
         <size>0xc2</size>
         <input_file_ref idref="fl-dc"/>
      </object_component>
      <object_component id="oc-143">
         <name>.debug_line</name>
         <load_address>0x3f39</load_address>
         <run_address>0x3f39</run_address>
         <size>0xc2</size>
         <input_file_ref idref="fl-dc"/>
      </object_component>
      <object_component id="oc-a9">
         <name>.debug_frame</name>
         <load_address>0x0</load_address>
         <run_address>0x0</run_address>
         <size>0xbc</size>
         <input_file_ref idref="fl-2"/>
      </object_component>
      <object_component id="oc-bb">
[...]
         <object_component_ref idref="oc-74"/>
      </symbol>
      <symbol id="sm-274">
         <name>SysCtlVCOGet</name>
         <value>0x103d</value>
         <object_component_ref idref="oc-74"/>
      </symbol>
      <symbol id="sm-275">
         <name>SysCtlResetBehaviorSet</name>
         <value>0x80d</value>
         <object_component_ref idref="oc-74"/>
      </symbol>
      <symbol id="sm-276">
         <name>SysCtlReset</name>
         <value>0x761</value>
         <object_component_ref idref="oc-74"/>
      </symbol>
      <symbol id="sm-277">
         <name>SysCtlGPIOAHBDisable</name>
         <value>0xfcf</value>
         <object_component_ref idref="oc-74"/>
      </symbol>
      <symbol id="sm-278">
         <name>SysCtlSRAMSizeGet</name>
         <value>0x2c9</value>
         <object_component_ref idref="oc-74"/>
      </symbol>
      <symbol id="sm-279">
         <name>SysCtlClockGet</name>
         <value>0xd35</value>
         <object_component_ref idref="oc-74"/>
      </symbol>
      <symbol id="sm-27a">
         <name>SysCtlPeripheralDisable</name>
         <value>0x4e1</value>
         <object_component_ref idref="oc-74"/>
      </symbol>
      <symbol id="sm-27b">
         <name>SysCtlPWMClockSet</name>
         <value>0xf83</value>
         <object_component_ref idref="oc-74"/>
      </symbol>
      <symbol id="sm-27c">
         <name>SysCtlUSBPLLEnable</name>
         <value>0xfeb</value>
         <object_component_ref idref="oc-74"/>
      </symbol>
      <symbol id="sm-27d">
         <name>SysCtlPeripheralSleepEnable</name>
         <value>0x525</value>
         <object_component_ref idref="oc-74"/>
      </symbol>
      <symbol id="sm-27e">
         <name>SysCtlIntUnregister</name>
         <value>0x6a9</value>
         <object_component_ref idref="oc-74"/>
      </symbol>
      <symbol id="sm-27f">
         <name>SysCtlUSBPLLDisable</name>
         <value>0xff7</value>
         <object_component_ref idref="oc-74"/>
      </symbol>
      <symbol id="sm-280">
         <name>SysCtlPeripheralReady</name>
         <value>0x365</value>
         <object_component_ref idref="oc-74"/>
      </symbol>
      <symbol id="sm-281">
         <name>SysCtlPIOSCCalibrate</name>
         <value>0x7bd</value>
         <object_component_ref idref="oc-74"/>
      </symbol>
      <symbol id="sm-282">
         <name>SysCtlResetCauseClear</name>
         <value>0x793</value>
         <object_component_ref idref="oc-74"/>
      </symbol>
      <symbol id="sm-283">
         <name>SysCtlLDOSleepGet</name>
         <value>0x721</value>
         <object_component_ref idref="oc-74"/>
      </symbol>
      <symbol id="sm-284">
         <name>SysCtlClockFreqSet</name>
         <value>0x86d</value>
         <object_component_ref idref="oc-74"/>
      </symbol>
      <symbol id="sm-285">
         <name>SysCtlPeripheralReset</name>
         <value>0x41d</value>
         <object_component_ref idref="oc-74"/>
      </symbol>
      <symbol id="sm-2a6">
         <name>ResetISR</name>
         <value>0x2f53</value>
         <object_component_ref idref="oc-27"/>
      </symbol>
      <symbol id="sm-2a7">
         <name>g_pfnVectors</name>
         <value>0x0</value>
         <object_component_ref idref="oc-12"/>
      </symbol>
      <symbol id="sm-31a">
         <name>UARTClockSourceGet</name>
         <value>0x16f7</value>
         <object_component_ref idref="oc-80"/>
      </symbol>
      <symbol id="sm-31b">
         <name>UARTCharPutNonBlocking</name>
         <value>0x1569</value>
         <object_component_ref idref="oc-80"/>
      </symbol>
      <symbol id="sm-31c">
         <name>UARTDMAEnable</name>
         <value>0x1691</value>
         <object_component_ref idref="oc-80"/>
      </symbol>
      <symbol id="sm-31d">
         <name>UARTTxIntModeSet</name>
         <value>0x14cd</value>
         <object_component_ref idref="oc-80"/>
      </symbol>
      <symbol id="sm-31e">
         <name>UARTFIFODisable</name>
         <value>0x137b</value>
         <object_component_ref idref="oc-80"/>
      </symbol>
      <symbol id="sm-31f">
         <name>UARTIntUnregister</name>
         <value>0x1611</value>
         <object_component_ref idref="oc-80"/>
      </symbol>
      <symbol id="sm-320">
         <name>UARTRxErrorClear</name>
         <value>0x16d3</value>
         <object_component_ref idref="oc-80"/>
      </symbol>
      <symbol id="sm-321">
         <name>UARTModemControlSet</name>
         <value>0x141d</value>
         <object_component_ref idref="oc-80"/>
      </symbol>
      <symbol id="sm-322">
         <name>UARTFlowControlSet</name>
         <value>0x149f</value>
         <object_component_ref idref="oc-80"/>
      </symbol>
      <symbol id="sm-323">
         <name>UARTConfigSetExpClk</name>
         <value>0x1255</value>
         <object_component_ref idref="oc-80"/>
      </symbol>
      <symbol id="sm-324">
         <name>UARTSmartCardDisable</name>
         <value>0x1407</value>
         <object_component_ref idref="oc-80"/>
      </symbol>
      <symbol id="sm-325">
         <name>UARTDisable</name>
         <value>0x133b</value>
         <object_component_ref idref="oc-80"/>
      </symbol>
      <symbol id="sm-326">
         <name>UART9BitDisable</name>
         <value>0x171d</value>
         <object_component_ref idref="oc-80"/>
      </symbol>
      <symbol id="sm-327">
         <name>UARTFIFOLevelGet</name>
         <value>0x122d</value>
         <object_component_ref idref="oc-80"/>
      </symbol>
      <symbol id="sm-328">
         <name>UARTBusy</name>
         <value>0x15d5</value>
         <object_component_ref idref="oc-80"/>
      </symbol>
      <symbol id="sm-329">
         <name>UARTDisableSIR</name>
         <value>0x13bf</value>
         <object_component_ref idref="oc-80"/>
      </symbol>
      <symbol id="sm-32a">
         <name>UARTLoopbackEnable</name>
         <value>0x17a1</value>
         <object_component_ref idref="oc-80"/>
      </symbol>
      <symbol id="sm-32b">
         <name>UARTIntEnable</name>
         <value>0x1631</value>
         <object_component_ref idref="oc-80"/>
      </symbol>
      <symbol id="sm-32c">
         <name>UARTCharsAvail</name>
         <value>0x14fb</value>
         <object_component_ref idref="oc-80"/>
      </symbol>
      <symbol id="sm-32d">
         <name>UARTCharGetNonBlocking</name>
         <value>0x1537</value>
         <object_component_ref idref="oc-80"/>
      </symbol>
      <symbol id="sm-32e">
         <name>UARTClockSourceSet</name>
         <value>0x16e3</value>
         <object_component_ref idref="oc-80"/>
      </symbol>
      <symbol id="sm-32f">
         <name>UARTTxIntModeGet</name>
         <value>0x14e9</value>
         <object_component_ref idref="oc-80"/>
      </symbol>
      <symbol id="sm-330">
         <name>UARTModemStatusGet</name>
         <value>0x148b</value>
         <object_component_ref idref="oc-80"/>
      </symbol>
      <symbol id="sm-331">
         <name>UARTIntDisable</name>
         <value>0x1649</value>
         <object_component_ref idref="oc-80"/>
      </symbol>
      <symbol id="sm-332">
         <name>UARTCharPut</name>
         <value>0x158d</value>
         <object_component_ref idref="oc-80"/>
      </symbol>
      <symbol id="sm-333">
         <name>UARTParityModeSet</name>
         <value>0x11e7</value>
         <object_component_ref idref="oc-80"/>
      </symbol>
      <symbol id="sm-334">
         <name>UARTRxErrorGet</name>
         <value>0x16c1</value>
         <object_component_ref idref="oc-80"/>
      </symbol>
      <symbol id="sm-335">
         <name>UARTConfigGetExpClk</name>
         <value>0x12cb</value>
         <object_component_ref idref="oc-80"/>
      </symbol>
      <symbol id="sm-336">
         <name>UARTEnableSIR</name>
         <value>0x1391</value>
         <object_component_ref idref="oc-80"/>
      </symbol>
      <symbol id="sm-337">
         <name>UARTEnable</name>
         <value>0x1317</value>
         <object_component_ref idref="oc-80"/>
      </symbol>
      <symbol id="sm-338">
         <name>UART9BitAddrSend</name>
         <value>0x1759</value>
         <object_component_ref idref="oc-80"/>
      </symbol>
      <symbol id="sm-339">
         <name>UARTModemControlGet</name>
         <value>0x1479</value>
         <object_component_ref idref="oc-80"/>
      </symbol>
      <symbol id="sm-33a">
         <name>UARTSmartCardEnable</name>
         <value>0x13d5</value>
         <object_component_ref idref="oc-80"/>
      </symbol>
      <symbol id="sm-33b">
         <name>UARTFlowControlGet</name>
         <value>0x14bb</value>
         <object_component_ref idref="oc-80"/>
      </symbol>
      <symbol id="sm-33c">
         <name>UARTFIFOEnable</name>
         <value>0x1365</value>
         <object_component_ref idref="oc-80"/>
      </symbol>
      <symbol id="sm-33d">
         <name>UARTIntClear</name>
         <value>0x167f</value>
         <object_component_ref idref="oc-80"/>
      </symbol>
      <symbol id="sm-33e">
         <name>UARTIntStatus</name>
         <value>0x1661</value>
         <object_component_ref idref="oc-80"/>
      </symbol>
      <symbol id="sm-33f">
         <name>UARTDMADisable</name>
         <value>0x16a9</value>
         <object_component_ref idref="oc-80"/>
      </symbol>
      <symbol id="sm-340">
         <name>UART9BitEnable</name>
         <value>0x1707</value>
         <object_component_ref idref="oc-80"/>
      </symbol>
      <symbol id="sm-341">
         <name>UARTSpaceAvail</name>
         <value>0x1519</value>
         <object_component_ref idref="oc-80"/>
      </symbol>
      <symbol id="sm-342">
         <name>UARTCharGet</name>
         <value>0x1553</value>
         <object_component_ref idref="oc-80"/>
      </symbol>
      <symbol id="sm-343">
         <name>UARTFIFOLevelSet</name>
         <value>0x1215</value>
         <object_component_ref idref="oc-80"/>
      </symbol>
      <symbol id="sm-344">
         <name>UARTModemControlClear</name>
         <value>0x1455</value>
         <object_component_ref idref="oc-80"/>
      </symbol>
      <symbol id="sm-345">
         <name>UARTParityModeGet</name>
         <value>0x1203</value>
         <object_component_ref idref="oc-80"/>
      </symbol>
      <symbol id="sm-346">
         <name>UARTIntRegister</name>
         <value>0x15f3</value>
         <object_component_ref idref="oc-80"/>
      </symbol>
      <symbol id="sm-347">
         <name>UARTBreakCtl</name>
         <value>0x15ab</value>
         <object_component_ref idref="oc-80"/>
      </symbol>
      <symbol id="sm-348">
         <name>UART9BitAddrSet</name>
         <value>0x1733</value>
         <object_component_ref idref="oc-80"/>
      </symbol>
      <symbol id="sm-3b8">
         <name>UARTgetc</name>
         <value>0x1909</value>
         <object_component_ref idref="oc-8c"/>
      </symbol>
      <symbol id="sm-3b9">
         <name>UARTgets</name>
         <value>0x184f</value>
         <object_component_ref idref="oc-8c"/>
      </symbol>
      <symbol id="sm-3ba">
         <name>UARTStdioConfig</name>
         <value>0x17b9</value>
         <object_component_ref idref="oc-8c"/>
      </symbol>
      <symbol id="sm-3bb">
         <name>UARTwrite</name>
         <value>0x17ff</value>
         <object_component_ref idref="oc-8c"/>
      </symbol>
      <symbol id="sm-3bc">
         <name>UARTprintf</name>
         <value>0x1c2b</value>
         <object_component_ref idref="oc-8c"/>
      </symbol>
      <symbol id="sm-3bd">
         <name>UARTvprintf</name>
         <value>0x1931</value>
         <object_component_ref idref="oc-8c"/>
      </symbol>
      <symbol id="sm-3f1">
         <name>log10</name>
         <value>0x20d5</value>
         <object_component_ref idref="oc-da"/>
      </symbol>
      <symbol id="sm-3f2">
         <name>log10l</name>
         <value>0x20d5</value>
         <object_component_ref idref="oc-da"/>
      </symbol>
      <symbol id="sm-401">
         <name>__aeabi_uidivmod</name>
         <value>0x2d11</value>
         <object_component_ref idref="oc-17d"/>
      </symbol>
      <symbol id="sm-402">
         <name>__aeabi_uidiv</name>
         <value>0x2d11</value>
         <object_component_ref idref="oc-17d"/>
      </symbol>
      <symbol id="sm-419">
         <name>__aeabi_dsub</name>
         <value>0x23c9</value>
         <object_component_ref idref="oc-e0"/>
      </symbol>
      <symbol id="sm-41a">
         <name>__aeabi_dadd</name>
         <value>0x23d3</value>
         <object_component_ref idref="oc-e0"/>
      </symbol>
      <symbol id="sm-42e">
         <name>__aeabi_ddiv</name>
         <value>0x26ed</value>
         <object_component_ref idref="oc-1b8"/>
      </symbol>
      <symbol id="sm-439">
         <name>__aeabi_dmul</name>
         <value>0x2823</value>
         <object_component_ref idref="oc-1b3"/>
      </symbol>
      <symbol id="sm-443">
         <name>__aeabi_d2uiz</name>
         <value>0x2ccd</value>
         <object_component_ref idref="oc-e5"/>
      </symbol>
      <symbol id="sm-44d">
         <name>__aeabi_i2d</name>
         <value>0x2e61</value>
         <object_component_ref idref="oc-1bd"/>
      </symbol>
      <symbol id="sm-468">
         <name>memcpy</name>
         <value>0x29ef</value>
         <object_component_ref idref="oc-41"/>
      </symbol>
      <symbol id="sm-469">
         <name>__aeabi_memcpy</name>
         <value>0x29ef</value>
         <object_component_ref idref="oc-41"/>
      </symbol>
      <symbol id="sm-46a">
         <name>__aeabi_memcpy8</name>
         <value>0x29ef</value>
         <object_component_ref idref="oc-41"/>
      </symbol>
      <symbol id="sm-46b">
         <name>__aeabi_memcpy4</name>
         <value>0x29ef</value>
         <object_component_ref idref="oc-41"/>
      </symbol>
      <symbol id="sm-475">
         <name>__aeabi_ui2d</name>
         <value>0x2ebb</value>
         <object_component_ref idref="oc-d5"/>
      </symbol>
      <symbol id="sm-487">
         <name>__TI_zero_init</name>
         <value>0x2f47</value>
         <object_component_ref idref="oc-53"/>
      </symbol>
      <symbol id="sm-49e">
         <name>__TI_decompress_none</name>
         <value>0x2f2d</value>
         <object_component_ref idref="oc-1b"/>
      </symbol>
      <symbol id="sm-4c1">
         <name>__TI_decompress_lzss</name>
         <value>0x2bd5</value>
         <object_component_ref idref="oc-15"/>
      </symbol>
      <symbol id="sm-4d1">
         <name>strncpy</name>
         <value>0x2dc1</value>
         <object_component_ref idref="oc-cf"/>
      </symbol>
      <symbol id="sm-4e7">
         <name>__aeabi_errno_addr</name>
         <value>0x2f61</value>
         <object_component_ref idref="oc-1ad"/>
      </symbol>
      <symbol id="sm-4e8">
         <name>errno</name>
         <value>0x20000380</value>
         <object_component_ref idref="oc-26f"/>
      </symbol>
      <symbol id="sm-4fb">
         <name>__stack</name>
         <value>0x20000c10</value>
         <object_component_ref idref="oc-24"/>
      </symbol>
      <symbol id="sm-4fc">
         <name>_c_int00_noargs</name>
         <value>0x2e2d</value>
         <object_component_ref idref="oc-5f"/>
      </symbol>
      <symbol id="sm-506">
         <name>__aeabi_idiv0</name>
         <value>0x257f</value>
         <object_component_ref idref="oc-25b"/>
      </symbol>
      <symbol id="sm-507">
         <name>__aeabi_ldiv0</name>
         <value>0x257f</value>
         <object_component_ref idref="oc-25b"/>
      </symbol>
      <symbol id="sm-516">
         <name>__aeabi_memset</name>
         <value>0x2a8d</value>
         <object_component_ref idref="oc-11e"/>
      </symbol>
      <symbol id="sm-517">
         <name>memset</name>
         <value>0x2a93</value>
         <object_component_ref idref="oc-11e"/>
      </symbol>
      <symbol id="sm-518">
         <name>__aeabi_memset8</name>
         <value>0x2a8d</value>
         <object_component_ref idref="oc-11e"/>
      </symbol>
      <symbol id="sm-519">
         <name>__aeabi_memset4</name>
         <value>0x2a8d</value>
         <object_component_ref idref="oc-11e"/>
      </symbol>
      <symbol id="sm-51a">
         <name>__aeabi_memclr8</name>
         <value>0x2a8b</value>
         <object_component_ref idref="oc-11e"/>
      </symbol>
      <symbol id="sm-51b">
         <name>__aeabi_memclr4</name>
         <value>0x2a8b</value>
         <object_component_ref idref="oc-11e"/>
      </symbol>
      <symbol id="sm-51c">
         <name>__aeabi_memclr</name>
         <value>0x2a8b</value>
         <object_component_ref idref="oc-11e"/>
      </symbol>
      <symbol id="sm-544">
         <name>__TI_auto_init_nobinit_nopinit</name>
         <value>0x2c89</value>
         <object_component_ref idref="oc-1f1"/>
      </symbol>
      <symbol id="sm-54e">
         <name>_system_pre_init</name>
         <value>0x2f79</value>
         <object_component_ref idref="oc-124"/>
      </symbol>
      <symbol id="sm-55a">
         <name>C$$EXIT</name>
         <value>0x2f7d</value>
         <object_component_ref idref="oc-1e5"/>
      </symbol>
      <symbol id="sm-55b">
         <name>abort</name>
         <value>0x2f7d</value>
         <object_component_ref idref="oc-1e5"/>
      </symbol>
      <symbol id="sm-581">
         <name>CPUcpsie</name>
         <value>0x2f3b</value>
         <object_component_ref idref="oc-191"/>
      </symbol>
      <symbol id="sm-582">
         <name>CPUwfi</name>
         <value>0x2f75</value>
         <object_component_ref idref="oc-14b"/>
      </symbol>
      <symbol id="sm-5cc">
         <name>GPIOPinConfigure</name>
         <value>0x2c3d</value>
         <object_component_ref idref="oc-7a"/>
      </symbol>
      <symbol id="sm-5cd">
         <name>GPIOPinTypeGPIOInput</name>
         <value>0x2edb</value>
         <object_component_ref idref="oc-92"/>
      </symbol>
      <symbol id="sm-5ce">
         <name>GPIOPinTypeUART</name>
         <value>0x2ef1</value>
         <object_component_ref idref="oc-86"/>
      </symbol>
      <symbol id="sm-5cf">
         <name>GPIOPinRead</name>
         <value>0x2f69</value>
         <object_component_ref idref="oc-c4"/>
      </symbol>
      <symbol id="sm-5d0">
         <name>GPIODirModeSet</name>
         <value>0x2e8f</value>
         <object_component_ref idref="oc-98"/>
      </symbol>
      <symbol id="sm-5d1">
         <name>GPIOPadConfigSet</name>
         <value>0x2581</value>
         <object_component_ref idref="oc-9e"/>
      </symbol>
      <symbol id="sm-63a">
         <name>IntEnable</name>
         <value>0x2b6d</value>
         <object_component_ref idref="oc-b0"/>
      </symbol>
      <symbol id="sm-63b">
         <name>IntDisable</name>
         <value>0x2b05</value>
         <object_component_ref idref="oc-13f"/>
      </symbol>
      <symbol id="sm-63c">
         <name>IntRegister</name>
         <value>0x2df9</value>
         <object_component_ref idref="oc-139"/>
      </symbol>
      <symbol id="sm-63d">
         <name>IntUnregister</name>
         <value>0x2f09</value>
         <object_component_ref idref="oc-145"/>
      </symbol>
      <symbol id="sm-63e">
         <name>g_pfnRAMVectors</name>
         <value>0x20000000</value>
         <object_component_ref idref="oc-225"/>
      </symbol>
      <symbol id="sm-63f">
         <name>IntMasterEnable</name>
         <value>0x2f1d</value>
         <object_component_ref idref="oc-aa"/>
      </symbol>
      <symbol id="sm-640">
         <name>__TI_static_base__</name>
         <value>0x0</value>
      </symbol>
      <symbol id="sm-643">
         <name>__mpu_init</name>
         <value>0x0</value>
      </symbol>
      <symbol id="sm-644">
         <name>_system_post_cinit</name>
         <value>0x0</value>
      </symbol>
   </symbol_table>
   <title>Link successful</title>
</link_info>
